../Core/Src/bma400.c:1490:15:null_ptr_check	0	static
../Core/Src/bma400.c:2394:13:map_int_pin	8	static
../Core/Src/bma400.c:2689:13:check_mapped_interrupts	0	static
../Core/Src/bma400.c:2716:13:get_int_pin_map	8	static
../Core/Src/bma400.c:3208:13:check_frame_available	8	static
../Core/Src/bma400.c:3303:13:unpack_accel	20	static
../Core/Src/bma400.c:3425:13:unpack_sensortime_frame	8	static
../Core/Src/bma400.c:3051:13:unpack_accel_frame	48	static
../Core/Src/bma400.c:3440:15:validate_accel_self_test	32	static
../Core/Src/bma400.c:676:8:bma400_set_regs	32	static
../Core/Src/bma400.c:2021:15:set_activity_change_conf	24	static
../Core/Src/bma400.c:2072:15:set_gen1_int	32	static
../Core/Src/bma400.c:2185:15:set_gen2_int	32	static
../Core/Src/bma400.c:2298:15:set_orient_int	32	static
../Core/Src/bma400.c:1837:15:set_autowakeup_interrupt	24	static
../Core/Src/bma400.c:728:8:bma400_get_regs	160	static
../Core/Src/bma400.c:624:8:bma400_init	24	static
../Core/Src/bma400.c:1692:15:get_accel_data	32	static
../Core/Src/bma400.c:1648:15:set_accel_conf	24	static
../Core/Src/bma400.c:1964:15:set_tap_conf	24	static
../Core/Src/bma400.c:1508:15:set_sensor_conf	32	static
../Core/Src/bma400.c:1673:15:get_accel_conf	24	static
../Core/Src/bma400.c:1994:15:get_tap_conf	24	static
../Core/Src/bma400.c:2046:15:get_activity_change_conf	16	static
../Core/Src/bma400.c:2141:15:get_gen1_int	32	static
../Core/Src/bma400.c:2254:15:get_gen2_int	32	static
../Core/Src/bma400.c:2356:15:get_orient_int	32	static
../Core/Src/bma400.c:1578:15:get_sensor_conf	40	static
../Core/Src/bma400.c:1772:15:set_autowakeup_timeout	24	static
../Core/Src/bma400.c:1902:15:set_auto_low_power	24	static
../Core/Src/bma400.c:2849:15:set_int_pin_conf	32	static
../Core/Src/bma400.c:2931:15:set_fifo_conf	24	static
../Core/Src/bma400.c:1799:15:get_autowakeup_timeout	24	static
../Core/Src/bma400.c:1869:15:get_autowakeup_interrupt	16	static
../Core/Src/bma400.c:1942:15:get_auto_low_power	16	static
../Core/Src/bma400.c:2876:15:get_int_pin_conf	16	static
../Core/Src/bma400.c:2900:15:get_fifo_conf	24	static
../Core/Src/bma400.c:2979:15:get_fifo_length	16	static
../Core/Src/bma400.c:2996:15:read_fifo	32	static
../Core/Src/bma400.c:773:8:bma400_soft_reset	24	static
../Core/Src/bma400.c:797:8:bma400_set_power_mode	24	static
../Core/Src/bma400.c:831:8:bma400_get_power_mode	24	static
../Core/Src/bma400.c:853:8:bma400_get_accel_data	16	static
../Core/Src/bma400.c:3475:15:positive_excited_accel	24	static
../Core/Src/bma400.c:3492:15:negative_excited_accel	24	static
../Core/Src/bma400.c:874:8:bma400_set_sensor_conf	32	static
../Core/Src/bma400.c:910:8:bma400_get_sensor_conf	32	static
../Core/Src/bma400.c:3515:15:enable_self_test	32	static
../Core/Src/bma400.c:937:8:bma400_set_device_conf	40	static
../Core/Src/bma400.c:1008:8:bma400_get_device_conf	40	static
../Core/Src/bma400.c:1070:8:bma400_get_interrupt_status	24	static
../Core/Src/bma400.c:1096:8:bma400_set_step_counter_param	16	static
../Core/Src/bma400.c:1117:8:bma400_get_steps_counted	32	static
../Core/Src/bma400.c:1149:8:bma400_get_temperature_data	24	static
../Core/Src/bma400.c:1173:8:bma400_get_interrupts_enabled	40	static
../Core/Src/bma400.c:1332:8:bma400_get_fifo_data	24	static
../Core/Src/bma400.c:1395:8:bma400_extract_accel	24	static
../Core/Src/bma400.c:1419:8:bma400_set_fifo_flush	16	static
../Core/Src/bma400.c:1437:8:bma400_perform_self_test	40	static
../Core/Src/bma400.c:1820:8:set_auto_wakeup	24	static
../Core/Src/bma400.c:1253:8:bma400_enable_interrupt	32	static
../Core/Src/bma400.c:3553:8:user_i2c_read	24	static
../Core/Src/bma400.c:3568:8:user_i2c_write	24	static
../Core/Src/bma400.c:3583:6:user_delay_us	8	static
