15:52:34 **** Incremental Build of configuration Debug for project gate_sensor ****
make -j8 all 
arm-none-eabi-gcc "../Core/Src/main.c" -mcpu=cortex-m0plus -std=gnu11 -g3 -DDEBUG -DUSE_HAL_DRIVER -DSTM32C011xx -c -I../Core/Inc -I../Drivers/STM32C0xx_HAL_Driver/Inc -I../Drivers/STM32C0xx_HAL_Driver/Inc/Legacy -I../Drivers/CMSIS/Device/ST/STM32C0xx/Include -I../Drivers/CMSIS/Include -O0 -ffunction-sections -fdata-sections -Wall -fstack-usage -fcyclomatic-complexity -MMD -MP -MF"Core/Src/main.d" -MT"Core/Src/main.o" --specs=nano.specs -mfloat-abi=soft -mthumb -o "Core/Src/main.o"
arm-none-eabi-gcc -o "gate_sensor.elf" @"objects.list"   -mcpu=cortex-m0plus -T"C:\git\Gate-sensor\kody\gate_sensor\STM32C011F6UX_FLASH.ld" --specs=nosys.specs -Wl,-Map="gate_sensor.map" -Wl,--gc-sections -static --specs=nano.specs -mfloat-abi=soft -mthumb -Wl,--start-group -lc -lm -Wl,--end-group
Finished building target: gate_sensor.elf
 
arm-none-eabi-size  gate_sensor.elf 
arm-none-eabi-objdump -h -S gate_sensor.elf  > "gate_sensor.list"
   text	   data	    bss	    dec	    hex	filename
  31940	     92	   2380	  34412	   866c	gate_sensor.elf
Finished building: default.size.stdout
 
Finished building: gate_sensor.list
 

15:52:36 Build Finished. 0 errors, 0 warnings. (took 1s.628ms)

