14:50:20 **** Incremental Build of configuration Debug for project gate_sensor ****
make -j8 all 
arm-none-eabi-gcc "../Core/Src/main.c" -mcpu=cortex-m0plus -std=gnu11 -g3 -DDEBUG -DUSE_HAL_DRIVER -DSTM32C011xx -c -I../Core/Inc -I../Drivers/STM32C0xx_HAL_Driver/Inc -I../Drivers/STM32C0xx_HAL_Driver/Inc/Legacy -I../Drivers/CMSIS/Device/ST/STM32C0xx/Include -I../Drivers/CMSIS/Include -O0 -ffunction-sections -fdata-sections -Wall -fstack-usage -fcyclomatic-complexity -MMD -MP -MF"Core/Src/main.d" -MT"Core/Src/main.o" --specs=nano.specs -mfloat-abi=soft -mthumb -o "Core/Src/main.o"
../Core/Src/main.c: In function 'configureBMA400':
../Core/Src/main.c:97:5: error: 'rslt' undeclared (first use in this function)
   97 |     rslt = bma400_set_device_conf(dev_conf, 3, dev);
      |     ^~~~
../Core/Src/main.c:97:5: note: each undeclared identifier is reported only once for each function it appears in
../Core/Src/main.c: In function 'configureFifo':
../Core/Src/main.c:123:12: warning: implicit declaration of function 'bma400_set_fifo_config'; did you mean 'bma400_set_fifo_flush'? [-Wimplicit-function-declaration]
  123 |     rslt = bma400_set_fifo_config(&fifo_conf, dev);
      |            ^~~~~~~~~~~~~~~~~~~~~~
      |            bma400_set_fifo_flush
../Core/Src/main.c:142:5: warning: 'main' is normally a non-static function [-Wmain]
  142 | int main(void)
      |     ^~~~
../Core/Src/main.c:263:1: error: expected declaration or statement at end of input
  263 | }
      | ^
../Core/Src/main.c: At top level:
../Core/Src/main.c:253:6: warning: 'Error_Handler' defined but not used [-Wunused-function]
  253 | void Error_Handler(void)
      |      ^~~~~~~~~~~~~
../Core/Src/main.c:211:6: warning: 'SystemClock_Config' defined but not used [-Wunused-function]
  211 | void SystemClock_Config(void)
      |      ^~~~~~~~~~~~~~~~~~
../Core/Src/main.c:142:5: warning: 'main' defined but not used [-Wunused-function]
  142 | int main(void)
      |     ^~~~
make: *** [Core/Src/subdir.mk:49: Core/Src/main.o] Error 1
"make -j8 all" terminated with exit code 2. Build might be incomplete.
14:51:42 **** Incremental Build of configuration Debug for project gate_sensor ****
make -j8 all 
arm-none-eabi-gcc "../Core/Src/main.c" -mcpu=cortex-m0plus -std=gnu11 -g3 -DDEBUG -DUSE_HAL_DRIVER -DSTM32C011xx -c -I../Core/Inc -I../Drivers/STM32C0xx_HAL_Driver/Inc -I../Drivers/STM32C0xx_HAL_Driver/Inc/Legacy -I../Drivers/CMSIS/Device/ST/STM32C0xx/Include -I../Drivers/CMSIS/Include -O0 -ffunction-sections -fdata-sections -Wall -fstack-usage -fcyclomatic-complexity -MMD -MP -MF"Core/Src/main.d" -MT"Core/Src/main.o" --specs=nano.specs -mfloat-abi=soft -mthumb -o "Core/Src/main.o"
../Core/Src/main.c: In function 'configureFifo':
../Core/Src/main.c:123:5: warning: implicit declaration of function 'bma400_set_fifo_config'; did you mean 'bma400_set_fifo_flush'? [-Wimplicit-function-declaration]
  123 |     bma400_set_fifo_config(&fifo_conf, dev);
      |     ^~~~~~~~~~~~~~~~~~~~~~
      |     bma400_set_fifo_flush
../Core/Src/main.c:114:12: warning: unused variable 'rslt' [-Wunused-variable]
  114 |     int8_t rslt;
      |            ^~~~
arm-none-eabi-gcc -o "gate_sensor.elf" @"objects.list"   -mcpu=cortex-m0plus -T"C:\git\Gate-sensor\kody\gate_sensor\STM32C011F6UX_FLASH.ld" --specs=nosys.specs -Wl,-Map="gate_sensor.map" -Wl,--gc-sections -static --specs=nano.specs -mfloat-abi=soft -mthumb -Wl,--start-group -lc -lm -Wl,--end-group
C:/ST/STM32CubeIDE_1.19.0/STM32CubeIDE/plugins/com.st.stm32cube.ide.mcu.externaltools.gnu-tools-for-stm32.13.3.rel1.win32_1.0.0.202411081344/tools/bin/../lib/gcc/arm-none-eabi/13.3.1/../../../../arm-none-eabi/bin/ld.exe: ./Core/Src/main.o: in function `configureFifo':
C:/git/Gate-sensor/kody/gate_sensor/Debug/../Core/Src/main.c:123:(.text.configureFifo+0x40): undefined reference to `bma400_set_fifo_config'
collect2.exe: error: ld returned 1 exit status
make: *** [makefile:64: gate_sensor.elf] Error 1
"make -j8 all" terminated with exit code 2. Build might be incomplete.
14:59:01 **** Incremental Build of configuration Debug for project gate_sensor ****
make -j8 all 
arm-none-eabi-gcc "../Core/Src/main.c" -mcpu=cortex-m0plus -std=gnu11 -g3 -DDEBUG -DUSE_HAL_DRIVER -DSTM32C011xx -c -I../Core/Inc -I../Drivers/STM32C0xx_HAL_Driver/Inc -I../Drivers/STM32C0xx_HAL_Driver/Inc/Legacy -I../Drivers/CMSIS/Device/ST/STM32C0xx/Include -I../Drivers/CMSIS/Include -O0 -ffunction-sections -fdata-sections -Wall -fstack-usage -fcyclomatic-complexity -MMD -MP -MF"Core/Src/main.d" -MT"Core/Src/main.o" --specs=nano.specs -mfloat-abi=soft -mthumb -o "Core/Src/main.o"
../Core/Src/main.c: In function 'configureFifo':
../Core/Src/main.c:123:5: warning: implicit declaration of function 'bma400_set_fifo_conf'; did you mean 'bma400_get_fifo_data'? [-Wimplicit-function-declaration]
  123 |     bma400_set_fifo_conf(&fifo_conf, dev);
      |     ^~~~~~~~~~~~~~~~~~~~
      |     bma400_get_fifo_data
../Core/Src/main.c:114:12: warning: unused variable 'rslt' [-Wunused-variable]
  114 |     int8_t rslt;
      |            ^~~~
arm-none-eabi-gcc -o "gate_sensor.elf" @"objects.list"   -mcpu=cortex-m0plus -T"C:\git\Gate-sensor\kody\gate_sensor\STM32C011F6UX_FLASH.ld" --specs=nosys.specs -Wl,-Map="gate_sensor.map" -Wl,--gc-sections -static --specs=nano.specs -mfloat-abi=soft -mthumb -Wl,--start-group -lc -lm -Wl,--end-group
C:/ST/STM32CubeIDE_1.19.0/STM32CubeIDE/plugins/com.st.stm32cube.ide.mcu.externaltools.gnu-tools-for-stm32.13.3.rel1.win32_1.0.0.202411081344/tools/bin/../lib/gcc/arm-none-eabi/13.3.1/../../../../arm-none-eabi/bin/ld.exe: ./Core/Src/main.o: in function `configureFifo':
C:/git/Gate-sensor/kody/gate_sensor/Debug/../Core/Src/main.c:123:(.text.configureFifo+0x40): undefined reference to `bma400_set_fifo_conf'
collect2.exe: error: ld returned 1 exit status
make: *** [makefile:64: gate_sensor.elf] Error 1
"make -j8 all" terminated with exit code 2. Build might be incomplete.
15:08:57 **** Incremental Build of configuration Debug for project gate_sensor ****
make -j8 all 
arm-none-eabi-gcc "../Core/Src/bma400.c" -mcpu=cortex-m0plus -std=gnu11 -g3 -DDEBUG -DUSE_HAL_DRIVER -DSTM32C011xx -c -I../Core/Inc -I../Drivers/STM32C0xx_HAL_Driver/Inc -I../Drivers/STM32C0xx_HAL_Driver/Inc/Legacy -I../Drivers/CMSIS/Device/ST/STM32C0xx/Include -I../Drivers/CMSIS/Include -O0 -ffunction-sections -fdata-sections -Wall -fstack-usage -fcyclomatic-complexity -MMD -MP -MF"Core/Src/bma400.d" -MT"Core/Src/bma400.o" --specs=nano.specs -mfloat-abi=soft -mthumb -o "Core/Src/bma400.o"
arm-none-eabi-gcc "../Core/Src/main.c" -mcpu=cortex-m0plus -std=gnu11 -g3 -DDEBUG -DUSE_HAL_DRIVER -DSTM32C011xx -c -I../Core/Inc -I../Drivers/STM32C0xx_HAL_Driver/Inc -I../Drivers/STM32C0xx_HAL_Driver/Inc/Legacy -I../Drivers/CMSIS/Device/ST/STM32C0xx/Include -I../Drivers/CMSIS/Include -O0 -ffunction-sections -fdata-sections -Wall -fstack-usage -fcyclomatic-complexity -MMD -MP -MF"Core/Src/main.d" -MT"Core/Src/main.o" --specs=nano.specs -mfloat-abi=soft -mthumb -o "Core/Src/main.o"
../Core/Src/main.c: In function 'configureFifo':
../Core/Src/main.c:122:5: warning: implicit declaration of function 'bma400_set_fifo_conf'; did you mean 'bma400_get_fifo_data'? [-Wimplicit-function-declaration]
  122 |     bma400_set_fifo_conf(&fifo_conf, dev);
      |     ^~~~~~~~~~~~~~~~~~~~
      |     bma400_get_fifo_data
arm-none-eabi-gcc -o "gate_sensor.elf" @"objects.list"   -mcpu=cortex-m0plus -T"C:\git\Gate-sensor\kody\gate_sensor\STM32C011F6UX_FLASH.ld" --specs=nosys.specs -Wl,-Map="gate_sensor.map" -Wl,--gc-sections -static --specs=nano.specs -mfloat-abi=soft -mthumb -Wl,--start-group -lc -lm -Wl,--end-group
C:/ST/STM32CubeIDE_1.19.0/STM32CubeIDE/plugins/com.st.stm32cube.ide.mcu.externaltools.gnu-tools-for-stm32.13.3.rel1.win32_1.0.0.202411081344/tools/bin/../lib/gcc/arm-none-eabi/13.3.1/../../../../arm-none-eabi/bin/ld.exe: ./Core/Src/main.o: in function `configureFifo':
C:/git/Gate-sensor/kody/gate_sensor/Debug/../Core/Src/main.c:122:(.text.configureFifo+0x40): undefined reference to `bma400_set_fifo_conf'
collect2.exe: error: ld returned 1 exit status
make: *** [makefile:64: gate_sensor.elf] Error 1
"make -j8 all" terminated with exit code 2. Build might be incomplete.
15:09:25 **** Incremental Build of configuration Debug for project gate_sensor ****
make -j8 all 
arm-none-eabi-gcc "../Core/Src/bma400.c" -mcpu=cortex-m0plus -std=gnu11 -g3 -DDEBUG -DUSE_HAL_DRIVER -DSTM32C011xx -c -I../Core/Inc -I../Drivers/STM32C0xx_HAL_Driver/Inc -I../Drivers/STM32C0xx_HAL_Driver/Inc/Legacy -I../Drivers/CMSIS/Device/ST/STM32C0xx/Include -I../Drivers/CMSIS/Include -O0 -ffunction-sections -fdata-sections -Wall -fstack-usage -fcyclomatic-complexity -MMD -MP -MF"Core/Src/bma400.d" -MT"Core/Src/bma400.o" --specs=nano.specs -mfloat-abi=soft -mthumb -o "Core/Src/bma400.o"
arm-none-eabi-gcc "../Core/Src/main.c" -mcpu=cortex-m0plus -std=gnu11 -g3 -DDEBUG -DUSE_HAL_DRIVER -DSTM32C011xx -c -I../Core/Inc -I../Drivers/STM32C0xx_HAL_Driver/Inc -I../Drivers/STM32C0xx_HAL_Driver/Inc/Legacy -I../Drivers/CMSIS/Device/ST/STM32C0xx/Include -I../Drivers/CMSIS/Include -O0 -ffunction-sections -fdata-sections -Wall -fstack-usage -fcyclomatic-complexity -MMD -MP -MF"Core/Src/main.d" -MT"Core/Src/main.o" --specs=nano.specs -mfloat-abi=soft -mthumb -o "Core/Src/main.o"
../Core/Src/main.c: In function 'configureFifo':
../Core/Src/main.c:122:5: warning: implicit declaration of function 'bma400_set_fifo_conf'; did you mean 'bma400_get_fifo_data'? [-Wimplicit-function-declaration]
  122 |     bma400_set_fifo_conf(&fifo_conf, dev);
      |     ^~~~~~~~~~~~~~~~~~~~
      |     bma400_get_fifo_data
arm-none-eabi-gcc -o "gate_sensor.elf" @"objects.list"   -mcpu=cortex-m0plus -T"C:\git\Gate-sensor\kody\gate_sensor\STM32C011F6UX_FLASH.ld" --specs=nosys.specs -Wl,-Map="gate_sensor.map" -Wl,--gc-sections -static --specs=nano.specs -mfloat-abi=soft -mthumb -Wl,--start-group -lc -lm -Wl,--end-group
C:/ST/STM32CubeIDE_1.19.0/STM32CubeIDE/plugins/com.st.stm32cube.ide.mcu.externaltools.gnu-tools-for-stm32.13.3.rel1.win32_1.0.0.202411081344/tools/bin/../lib/gcc/arm-none-eabi/13.3.1/../../../../arm-none-eabi/bin/ld.exe: ./Core/Src/main.o: in function `configureFifo':
C:/git/Gate-sensor/kody/gate_sensor/Debug/../Core/Src/main.c:122:(.text.configureFifo+0x40): undefined reference to `bma400_set_fifo_conf'
collect2.exe: error: ld returned 1 exit status
make: *** [makefile:64: gate_sensor.elf] Error 1
"make -j8 all" terminated with exit code 2. Build might be incomplete.
15:13:21 **** Incremental Build of configuration Debug for project gate_sensor ****
make -j8 all 
arm-none-eabi-gcc "../Core/Src/bma400.c" -mcpu=cortex-m0plus -std=gnu11 -g3 -DDEBUG -DUSE_HAL_DRIVER -DSTM32C011xx -c -I../Core/Inc -I../Drivers/STM32C0xx_HAL_Driver/Inc -I../Drivers/STM32C0xx_HAL_Driver/Inc/Legacy -I../Drivers/CMSIS/Device/ST/STM32C0xx/Include -I../Drivers/CMSIS/Include -O0 -ffunction-sections -fdata-sections -Wall -fstack-usage -fcyclomatic-complexity -MMD -MP -MF"Core/Src/bma400.d" -MT"Core/Src/bma400.o" --specs=nano.specs -mfloat-abi=soft -mthumb -o "Core/Src/bma400.o"
arm-none-eabi-gcc "../Core/Src/main.c" -mcpu=cortex-m0plus -std=gnu11 -g3 -DDEBUG -DUSE_HAL_DRIVER -DSTM32C011xx -c -I../Core/Inc -I../Drivers/STM32C0xx_HAL_Driver/Inc -I../Drivers/STM32C0xx_HAL_Driver/Inc/Legacy -I../Drivers/CMSIS/Device/ST/STM32C0xx/Include -I../Drivers/CMSIS/Include -O0 -ffunction-sections -fdata-sections -Wall -fstack-usage -fcyclomatic-complexity -MMD -MP -MF"Core/Src/main.d" -MT"Core/Src/main.o" --specs=nano.specs -mfloat-abi=soft -mthumb -o "Core/Src/main.o"
arm-none-eabi-gcc -o "gate_sensor.elf" @"objects.list"   -mcpu=cortex-m0plus -T"C:\git\Gate-sensor\kody\gate_sensor\STM32C011F6UX_FLASH.ld" --specs=nosys.specs -Wl,-Map="gate_sensor.map" -Wl,--gc-sections -static --specs=nano.specs -mfloat-abi=soft -mthumb -Wl,--start-group -lc -lm -Wl,--end-group
Finished building target: gate_sensor.elf
 
arm-none-eabi-size  gate_sensor.elf 
arm-none-eabi-objdump -h -S gate_sensor.elf  > "gate_sensor.list"
   text	   data	    bss	    dec	    hex	filename
  24192	     92	   2212	  26496	   6780	gate_sensor.elf
Finished building: default.size.stdout
 
Finished building: gate_sensor.list
 
15:39:47 **** Incremental Build of configuration Debug for project gate_sensor ****
make -j8 all 
arm-none-eabi-gcc "../Core/Src/main.c" -mcpu=cortex-m0plus -std=gnu11 -g3 -DDEBUG -DUSE_HAL_DRIVER -DSTM32C011xx -c -I../Core/Inc -I../Drivers/STM32C0xx_HAL_Driver/Inc -I../Drivers/STM32C0xx_HAL_Driver/Inc/Legacy -I../Drivers/CMSIS/Device/ST/STM32C0xx/Include -I../Drivers/CMSIS/Include -O0 -ffunction-sections -fdata-sections -Wall -fstack-usage -fcyclomatic-complexity -MMD -MP -MF"Core/Src/main.d" -MT"Core/Src/main.o" --specs=nano.specs -mfloat-abi=soft -mthumb -o "Core/Src/main.o"
../Core/Src/main.c: In function 'readFifoY':
../Core/Src/main.c:139:12: error: variable 'fifo' has initializer but incomplete type
  139 |     struct bma400_fifo_frame fifo = {0};
      |            ^~~~~~~~~~~~~~~~~
../Core/Src/main.c:139:38: warning: excess elements in struct initializer
  139 |     struct bma400_fifo_frame fifo = {0};
      |                                      ^
../Core/Src/main.c:139:38: note: (near initialization for 'fifo')
../Core/Src/main.c:139:30: error: storage size of 'fifo' isn't known
  139 |     struct bma400_fifo_frame fifo = {0};
      |                              ^~~~
../Core/Src/main.c:151:30: warning: passing argument 1 of 'bma400_extract_accel' from incompatible pointer type [-Wincompatible-pointer-types]
  151 |     if (bma400_extract_accel(accel_data, &accel_count, &fifo, dev) != BMA400_OK)
      |                              ^~~~~~~~~~
      |                              |
      |                              struct bma400_sensor_data *
In file included from ../Core/Src/main.c:29:
../Core/Inc/bma400.h:357:54: note: expected 'struct bma400_fifo_data *' but argument is of type 'struct bma400_sensor_data *'
  357 | int8_t bma400_extract_accel(struct bma400_fifo_data *fifo,
      |                             ~~~~~~~~~~~~~~~~~~~~~~~~~^~~~
../Core/Src/main.c:151:42: warning: passing argument 2 of 'bma400_extract_accel' from incompatible pointer type [-Wincompatible-pointer-types]
  151 |     if (bma400_extract_accel(accel_data, &accel_count, &fifo, dev) != BMA400_OK)
      |                                          ^~~~~~~~~~~~
      |                                          |
      |                                          uint8_t * {aka unsigned char *}
../Core/Inc/bma400.h:358:61: note: expected 'struct bma400_fifo_sensor_data *' but argument is of type 'uint8_t *' {aka 'unsigned char *'}
  358 |                             struct bma400_fifo_sensor_data *accel_data,
      |                             ~~~~~~~~~~~~~~~~~~~~~~~~~~~~~~~~^~~~~~~~~~
../Core/Src/main.c:139:30: warning: unused variable 'fifo' [-Wunused-variable]
  139 |     struct bma400_fifo_frame fifo = {0};
      |                              ^~~~
../Core/Src/main.c: In function 'main':
../Core/Src/main.c:263:40: error: 'msg' undeclared (first use in this function)
  263 |   HAL_UART_Transmit(&huart1, (uint8_t*)msg, strlen(msg), HAL_MAX_DELAY);
      |                                        ^~~
../Core/Src/main.c:263:40: note: each undeclared identifier is reported only once for each function it appears in
make: *** [Core/Src/subdir.mk:49: Core/Src/main.o] Error 1
"make -j8 all" terminated with exit code 2. Build might be incomplete.
15:41:16 **** Incremental Build of configuration Debug for project gate_sensor ****
make -j8 all 
arm-none-eabi-gcc "../Core/Src/main.c" -mcpu=cortex-m0plus -std=gnu11 -g3 -DDEBUG -DUSE_HAL_DRIVER -DSTM32C011xx -c -I../Core/Inc -I../Drivers/STM32C0xx_HAL_Driver/Inc -I../Drivers/STM32C0xx_HAL_Driver/Inc/Legacy -I../Drivers/CMSIS/Device/ST/STM32C0xx/Include -I../Drivers/CMSIS/Include -O0 -ffunction-sections -fdata-sections -Wall -fstack-usage -fcyclomatic-complexity -MMD -MP -MF"Core/Src/main.d" -MT"Core/Src/main.o" --specs=nano.specs -mfloat-abi=soft -mthumb -o "Core/Src/main.o"
../Core/Src/main.c: In function 'readFifoY':
../Core/Src/main.c:139:12: error: variable 'fifo' has initializer but incomplete type
  139 |     struct bma400_fifo_frame fifo = {0};
      |            ^~~~~~~~~~~~~~~~~
../Core/Src/main.c:139:38: warning: excess elements in struct initializer
  139 |     struct bma400_fifo_frame fifo = {0};
      |                                      ^
../Core/Src/main.c:139:38: note: (near initialization for 'fifo')
../Core/Src/main.c:139:30: error: storage size of 'fifo' isn't known
  139 |     struct bma400_fifo_frame fifo = {0};
      |                              ^~~~
../Core/Src/main.c:151:30: warning: passing argument 1 of 'bma400_extract_accel' from incompatible pointer type [-Wincompatible-pointer-types]
  151 |     if (bma400_extract_accel(accel_data, &accel_count, &fifo, dev) != BMA400_OK)
      |                              ^~~~~~~~~~
      |                              |
      |                              struct bma400_sensor_data *
In file included from ../Core/Src/main.c:29:
../Core/Inc/bma400.h:357:54: note: expected 'struct bma400_fifo_data *' but argument is of type 'struct bma400_sensor_data *'
  357 | int8_t bma400_extract_accel(struct bma400_fifo_data *fifo,
      |                             ~~~~~~~~~~~~~~~~~~~~~~~~~^~~~
../Core/Src/main.c:151:42: warning: passing argument 2 of 'bma400_extract_accel' from incompatible pointer type [-Wincompatible-pointer-types]
  151 |     if (bma400_extract_accel(accel_data, &accel_count, &fifo, dev) != BMA400_OK)
      |                                          ^~~~~~~~~~~~
      |                                          |
      |                                          uint8_t * {aka unsigned char *}
../Core/Inc/bma400.h:358:61: note: expected 'struct bma400_fifo_sensor_data *' but argument is of type 'uint8_t *' {aka 'unsigned char *'}
  358 |                             struct bma400_fifo_sensor_data *accel_data,
      |                             ~~~~~~~~~~~~~~~~~~~~~~~~~~~~~~~~^~~~~~~~~~
../Core/Src/main.c:139:30: warning: unused variable 'fifo' [-Wunused-variable]
  139 |     struct bma400_fifo_frame fifo = {0};
      |                              ^~~~
make: *** [Core/Src/subdir.mk:49: Core/Src/main.o] Error 1
"make -j8 all" terminated with exit code 2. Build might be incomplete.
15:42:14 **** Incremental Build of configuration Debug for project gate_sensor ****
make -j8 all 
arm-none-eabi-gcc "../Core/Src/main.c" -mcpu=cortex-m0plus -std=gnu11 -g3 -DDEBUG -DUSE_HAL_DRIVER -DSTM32C011xx -c -I../Core/Inc -I../Drivers/STM32C0xx_HAL_Driver/Inc -I../Drivers/STM32C0xx_HAL_Driver/Inc/Legacy -I../Drivers/CMSIS/Device/ST/STM32C0xx/Include -I../Drivers/CMSIS/Include -O0 -ffunction-sections -fdata-sections -Wall -fstack-usage -fcyclomatic-complexity -MMD -MP -MF"Core/Src/main.d" -MT"Core/Src/main.o" --specs=nano.specs -mfloat-abi=soft -mthumb -o "Core/Src/main.o"
../Core/Src/main.c: In function 'readFifoY':
../Core/Src/main.c:151:49: warning: passing argument 3 of 'bma400_extract_accel' from incompatible pointer type [-Wincompatible-pointer-types]
  151 |     if (bma400_extract_accel(&fifo, accel_data, &samples_read, dev) != BMA400_OK)
      |                                                 ^~~~~~~~~~~~~
      |                                                 |
      |                                                 uint8_t * {aka unsigned char *}
In file included from ../Core/Src/main.c:29:
../Core/Inc/bma400.h:359:39: note: expected 'uint16_t *' {aka 'short unsigned int *'} but argument is of type 'uint8_t *' {aka 'unsigned char *'}
  359 |                             uint16_t *frame_count,
      |                             ~~~~~~~~~~^~~~~~~~~~~
../Core/Src/main.c:157:31: error: 'struct bma400_fifo_sensor_data' has no member named 'data_y'
  157 |         out[i] = accel_data[i].data_y;
      |                               ^
make: *** [Core/Src/subdir.mk:49: Core/Src/main.o] Error 1
"make -j8 all" terminated with exit code 2. Build might be incomplete.
15:43:53 **** Incremental Build of configuration Debug for project gate_sensor ****
make -j8 all 
arm-none-eabi-gcc "../Core/Src/main.c" -mcpu=cortex-m0plus -std=gnu11 -g3 -DDEBUG -DUSE_HAL_DRIVER -DSTM32C011xx -c -I../Core/Inc -I../Drivers/STM32C0xx_HAL_Driver/Inc -I../Drivers/STM32C0xx_HAL_Driver/Inc/Legacy -I../Drivers/CMSIS/Device/ST/STM32C0xx/Include -I../Drivers/CMSIS/Include -O0 -ffunction-sections -fdata-sections -Wall -fstack-usage -fcyclomatic-complexity -MMD -MP -MF"Core/Src/main.d" -MT"Core/Src/main.o" --specs=nano.specs -mfloat-abi=soft -mthumb -o "Core/Src/main.o"
arm-none-eabi-gcc -o "gate_sensor.elf" @"objects.list"   -mcpu=cortex-m0plus -T"C:\git\Gate-sensor\kody\gate_sensor\STM32C011F6UX_FLASH.ld" --specs=nosys.specs -Wl,-Map="gate_sensor.map" -Wl,--gc-sections -static --specs=nano.specs -mfloat-abi=soft -mthumb -Wl,--start-group -lc -lm -Wl,--end-group
Finished building target: gate_sensor.elf
 
arm-none-eabi-size  gate_sensor.elf 
arm-none-eabi-objdump -h -S gate_sensor.elf  > "gate_sensor.list"
   text	   data	    bss	    dec	    hex	filename
  31944	     92	   2380	  34416	   8670	gate_sensor.elf
Finished building: default.size.stdout
 
Finished building: gate_sensor.list
 
15:44:42 **** Clean-only build of configuration Debug for project gate_sensor ****
make -j8 clean 
rm -rf ./Drivers/STM32C0xx_HAL_Driver/Src/stm32c0xx_hal.cyclo ./Drivers/STM32C0xx_HAL_Driver/Src/stm32c0xx_hal.d ./Drivers/STM32C0xx_HAL_Driver/Src/stm32c0xx_hal.o ./Drivers/STM32C0xx_HAL_Driver/Src/stm32c0xx_hal.su ./Drivers/STM32C0xx_HAL_Driver/Src/stm32c0xx_hal_cortex.cyclo ./Drivers/STM32C0xx_HAL_Driver/Src/stm32c0xx_hal_cortex.d ./Drivers/STM32C0xx_HAL_Driver/Src/stm32c0xx_hal_cortex.o ./Drivers/STM32C0xx_HAL_Driver/Src/stm32c0xx_hal_cortex.su ./Drivers/STM32C0xx_HAL_Driver/Src/stm32c0xx_hal_dma.cyclo ./Drivers/STM32C0xx_HAL_Driver/Src/stm32c0xx_hal_dma.d ./Drivers/STM32C0xx_HAL_Driver/Src/stm32c0xx_hal_dma.o ./Drivers/STM32C0xx_HAL_Driver/Src/stm32c0xx_hal_dma.su ./Drivers/STM32C0xx_HAL_Driver/Src/stm32c0xx_hal_dma_ex.cyclo ./Drivers/STM32C0xx_HAL_Driver/Src/stm32c0xx_hal_dma_ex.d ./Drivers/STM32C0xx_HAL_Driver/Src/stm32c0xx_hal_dma_ex.o ./Drivers/STM32C0xx_HAL_Driver/Src/stm32c0xx_hal_dma_ex.su ./Drivers/STM32C0xx_HAL_Driver/Src/stm32c0xx_hal_exti.cyclo ./Drivers/STM32C0xx_HAL_Driver/Src/stm32c0xx_hal_exti.d ./Drivers/STM32C0xx_HAL_Driver/Src/stm32c0xx_hal_exti.o ./Drivers/STM32C0xx_HAL_Driver/Src/stm32c0xx_hal_exti.su ./Drivers/STM32C0xx_HAL_Driver/Src/stm32c0xx_hal_flash.cyclo ./Drivers/STM32C0xx_HAL_Driver/Src/stm32c0xx_hal_flash.d ./Drivers/STM32C0xx_HAL_Driver/Src/stm32c0xx_hal_flash.o ./Drivers/STM32C0xx_HAL_Driver/Src/stm32c0xx_hal_flash.su ./Drivers/STM32C0xx_HAL_Driver/Src/stm32c0xx_hal_flash_ex.cyclo ./Drivers/STM32C0xx_HAL_Driver/Src/stm32c0xx_hal_flash_ex.d ./Drivers/STM32C0xx_HAL_Driver/Src/stm32c0xx_hal_flash_ex.o ./Drivers/STM32C0xx_HAL_Driver/Src/stm32c0xx_hal_flash_ex.su ./Drivers/STM32C0xx_HAL_Driver/Src/stm32c0xx_hal_gpio.cyclo ./Drivers/STM32C0xx_HAL_Driver/Src/stm32c0xx_hal_gpio.d ./Drivers/STM32C0xx_HAL_Driver/Src/stm32c0xx_hal_gpio.o ./Drivers/STM32C0xx_HAL_Driver/Src/stm32c0xx_hal_gpio.su ./Drivers/STM32C0xx_HAL_Driver/Src/stm32c0xx_hal_i2c.cyclo ./Drivers/STM32C0xx_HAL_Driver/Src/stm32c0xx_hal_i2c.d ./Drivers/STM32C0xx_HAL_Driver/Src/stm32c0xx_hal_i2c.o ./Drivers/STM32C0xx_HAL_Driver/Src/stm32c0xx_hal_i2c.su ./Drivers/STM32C0xx_HAL_Driver/Src/stm32c0xx_hal_i2c_ex.cyclo ./Drivers/STM32C0xx_HAL_Driver/Src/stm32c0xx_hal_i2c_ex.d ./Drivers/STM32C0xx_HAL_Driver/Src/stm32c0xx_hal_i2c_ex.o ./Drivers/STM32C0xx_HAL_Driver/Src/stm32c0xx_hal_i2c_ex.su ./Drivers/STM32C0xx_HAL_Driver/Src/stm32c0xx_hal_pwr.cyclo ./Drivers/STM32C0xx_HAL_Driver/Src/stm32c0xx_hal_pwr.d ./Drivers/STM32C0xx_HAL_Driver/Src/stm32c0xx_hal_pwr.o ./Drivers/STM32C0xx_HAL_Driver/Src/stm32c0xx_hal_pwr.su ./Drivers/STM32C0xx_HAL_Driver/Src/stm32c0xx_hal_pwr_ex.cyclo ./Drivers/STM32C0xx_HAL_Driver/Src/stm32c0xx_hal_pwr_ex.d ./Drivers/STM32C0xx_HAL_Driver/Src/stm32c0xx_hal_pwr_ex.o ./Drivers/STM32C0xx_HAL_Driver/Src/stm32c0xx_hal_pwr_ex.su ./Drivers/STM32C0xx_HAL_Driver/Src/stm32c0xx_hal_rcc.cyclo ./Drivers/STM32C0xx_HAL_Driver/Src/stm32c0xx_hal_rcc.d ./Drivers/STM32C0xx_HAL_Driver/Src/stm32c0xx_hal_rcc.o ./Drivers/STM32C0xx_HAL_Driver/Src/stm32c0xx_hal_rcc.su ./Drivers/STM32C0xx_HAL_Driver/Src/stm32c0xx_hal_rcc_ex.cyclo ./Drivers/STM32C0xx_HAL_Driver/Src/stm32c0xx_hal_rcc_ex.d ./Drivers/STM32C0xx_HAL_Driver/Src/stm32c0xx_hal_rcc_ex.o ./Drivers/STM32C0xx_HAL_Driver/Src/stm32c0xx_hal_rcc_ex.su ./Drivers/STM32C0xx_HAL_Driver/Src/stm32c0xx_hal_tim.cyclo ./Drivers/STM32C0xx_HAL_Driver/Src/stm32c0xx_hal_tim.d ./Drivers/STM32C0xx_HAL_Driver/Src/stm32c0xx_hal_tim.o ./Drivers/STM32C0xx_HAL_Driver/Src/stm32c0xx_hal_tim.su ./Drivers/STM32C0xx_HAL_Driver/Src/stm32c0xx_hal_tim_ex.cyclo ./Drivers/STM32C0xx_HAL_Driver/Src/stm32c0xx_hal_tim_ex.d ./Drivers/STM32C0xx_HAL_Driver/Src/stm32c0xx_hal_tim_ex.o ./Drivers/STM32C0xx_HAL_Driver/Src/stm32c0xx_hal_tim_ex.su ./Drivers/STM32C0xx_HAL_Driver/Src/stm32c0xx_hal_uart.cyclo ./Drivers/STM32C0xx_HAL_Driver/Src/stm32c0xx_hal_uart.d ./Drivers/STM32C0xx_HAL_Driver/Src/stm32c0xx_hal_uart.o ./Drivers/STM32C0xx_HAL_Driver/Src/stm32c0xx_hal_uart.su ./Drivers/STM32C0xx_HAL_Driver/Src/stm32c0xx_hal_uart_ex.cyclo ./Drivers/STM32C0xx_HAL_Driver/Src/stm32c0xx_hal_uart_ex.d ./Drivers/STM32C0xx_HAL_Driver/Src/stm32c0xx_hal_uart_ex.o ./Drivers/STM32C0xx_HAL_Driver/Src/stm32c0xx_hal_uart_ex.su
rm -rf ./Core/Startup/startup_stm32c011f6ux.d ./Core/Startup/startup_stm32c011f6ux.o
rm -rf ./Core/Src/bma400.cyclo ./Core/Src/bma400.d ./Core/Src/bma400.o ./Core/Src/bma400.su ./Core/Src/gpio.cyclo ./Core/Src/gpio.d ./Core/Src/gpio.o ./Core/Src/gpio.su ./Core/Src/i2c.cyclo ./Core/Src/i2c.d ./Core/Src/i2c.o ./Core/Src/i2c.su ./Core/Src/main.cyclo ./Core/Src/main.d ./Core/Src/main.o ./Core/Src/main.su ./Core/Src/stm32c0xx_hal_msp.cyclo ./Core/Src/stm32c0xx_hal_msp.d ./Core/Src/stm32c0xx_hal_msp.o ./Core/Src/stm32c0xx_hal_msp.su ./Core/Src/stm32c0xx_it.cyclo ./Core/Src/stm32c0xx_it.d ./Core/Src/stm32c0xx_it.o ./Core/Src/stm32c0xx_it.su ./Core/Src/syscalls.cyclo ./Core/Src/syscalls.d ./Core/Src/syscalls.o ./Core/Src/syscalls.su ./Core/Src/sysmem.cyclo ./Core/Src/sysmem.d ./Core/Src/sysmem.o ./Core/Src/sysmem.su ./Core/Src/system_stm32c0xx.cyclo ./Core/Src/system_stm32c0xx.d ./Core/Src/system_stm32c0xx.o ./Core/Src/system_stm32c0xx.su ./Core/Src/tim.cyclo ./Core/Src/tim.d ./Core/Src/tim.o ./Core/Src/tim.su ./Core/Src/usart.cyclo ./Core/Src/usart.d ./Core/Src/usart.o ./Core/Src/usart.su
rm -rf default.size.stdout gate_sensor.elf gate_sensor.list gate_sensor.map
 
15:44:43 **** Build of configuration Debug for project gate_sensor ****
make -j8 all 
arm-none-eabi-gcc "../Drivers/STM32C0xx_HAL_Driver/Src/stm32c0xx_hal.c" -mcpu=cortex-m0plus -std=gnu11 -g3 -DDEBUG -DUSE_HAL_DRIVER -DSTM32C011xx -c -I../Core/Inc -I../Drivers/STM32C0xx_HAL_Driver/Inc -I../Drivers/STM32C0xx_HAL_Driver/Inc/Legacy -I../Drivers/CMSIS/Device/ST/STM32C0xx/Include -I../Drivers/CMSIS/Include -O0 -ffunction-sections -fdata-sections -Wall -fstack-usage -fcyclomatic-complexity -MMD -MP -MF"Drivers/STM32C0xx_HAL_Driver/Src/stm32c0xx_hal.d" -MT"Drivers/STM32C0xx_HAL_Driver/Src/stm32c0xx_hal.o" --specs=nano.specs -mfloat-abi=soft -mthumb -o "Drivers/STM32C0xx_HAL_Driver/Src/stm32c0xx_hal.o"
arm-none-eabi-gcc "../Drivers/STM32C0xx_HAL_Driver/Src/stm32c0xx_hal_cortex.c" -mcpu=cortex-m0plus -std=gnu11 -g3 -DDEBUG -DUSE_HAL_DRIVER -DSTM32C011xx -c -I../Core/Inc -I../Drivers/STM32C0xx_HAL_Driver/Inc -I../Drivers/STM32C0xx_HAL_Driver/Inc/Legacy -I../Drivers/CMSIS/Device/ST/STM32C0xx/Include -I../Drivers/CMSIS/Include -O0 -ffunction-sections -fdata-sections -Wall -fstack-usage -fcyclomatic-complexity -MMD -MP -MF"Drivers/STM32C0xx_HAL_Driver/Src/stm32c0xx_hal_cortex.d" -MT"Drivers/STM32C0xx_HAL_Driver/Src/stm32c0xx_hal_cortex.o" --specs=nano.specs -mfloat-abi=soft -mthumb -o "Drivers/STM32C0xx_HAL_Driver/Src/stm32c0xx_hal_cortex.o"
arm-none-eabi-gcc "../Drivers/STM32C0xx_HAL_Driver/Src/stm32c0xx_hal_dma.c" -mcpu=cortex-m0plus -std=gnu11 -g3 -DDEBUG -DUSE_HAL_DRIVER -DSTM32C011xx -c -I../Core/Inc -I../Drivers/STM32C0xx_HAL_Driver/Inc -I../Drivers/STM32C0xx_HAL_Driver/Inc/Legacy -I../Drivers/CMSIS/Device/ST/STM32C0xx/Include -I../Drivers/CMSIS/Include -O0 -ffunction-sections -fdata-sections -Wall -fstack-usage -fcyclomatic-complexity -MMD -MP -MF"Drivers/STM32C0xx_HAL_Driver/Src/stm32c0xx_hal_dma.d" -MT"Drivers/STM32C0xx_HAL_Driver/Src/stm32c0xx_hal_dma.o" --specs=nano.specs -mfloat-abi=soft -mthumb -o "Drivers/STM32C0xx_HAL_Driver/Src/stm32c0xx_hal_dma.o"
arm-none-eabi-gcc "../Drivers/STM32C0xx_HAL_Driver/Src/stm32c0xx_hal_dma_ex.c" -mcpu=cortex-m0plus -std=gnu11 -g3 -DDEBUG -DUSE_HAL_DRIVER -DSTM32C011xx -c -I../Core/Inc -I../Drivers/STM32C0xx_HAL_Driver/Inc -I../Drivers/STM32C0xx_HAL_Driver/Inc/Legacy -I../Drivers/CMSIS/Device/ST/STM32C0xx/Include -I../Drivers/CMSIS/Include -O0 -ffunction-sections -fdata-sections -Wall -fstack-usage -fcyclomatic-complexity -MMD -MP -MF"Drivers/STM32C0xx_HAL_Driver/Src/stm32c0xx_hal_dma_ex.d" -MT"Drivers/STM32C0xx_HAL_Driver/Src/stm32c0xx_hal_dma_ex.o" --specs=nano.specs -mfloat-abi=soft -mthumb -o "Drivers/STM32C0xx_HAL_Driver/Src/stm32c0xx_hal_dma_ex.o"
arm-none-eabi-gcc "../Drivers/STM32C0xx_HAL_Driver/Src/stm32c0xx_hal_exti.c" -mcpu=cortex-m0plus -std=gnu11 -g3 -DDEBUG -DUSE_HAL_DRIVER -DSTM32C011xx -c -I../Core/Inc -I../Drivers/STM32C0xx_HAL_Driver/Inc -I../Drivers/STM32C0xx_HAL_Driver/Inc/Legacy -I../Drivers/CMSIS/Device/ST/STM32C0xx/Include -I../Drivers/CMSIS/Include -O0 -ffunction-sections -fdata-sections -Wall -fstack-usage -fcyclomatic-complexity -MMD -MP -MF"Drivers/STM32C0xx_HAL_Driver/Src/stm32c0xx_hal_exti.d" -MT"Drivers/STM32C0xx_HAL_Driver/Src/stm32c0xx_hal_exti.o" --specs=nano.specs -mfloat-abi=soft -mthumb -o "Drivers/STM32C0xx_HAL_Driver/Src/stm32c0xx_hal_exti.o"
arm-none-eabi-gcc "../Drivers/STM32C0xx_HAL_Driver/Src/stm32c0xx_hal_flash.c" -mcpu=cortex-m0plus -std=gnu11 -g3 -DDEBUG -DUSE_HAL_DRIVER -DSTM32C011xx -c -I../Core/Inc -I../Drivers/STM32C0xx_HAL_Driver/Inc -I../Drivers/STM32C0xx_HAL_Driver/Inc/Legacy -I../Drivers/CMSIS/Device/ST/STM32C0xx/Include -I../Drivers/CMSIS/Include -O0 -ffunction-sections -fdata-sections -Wall -fstack-usage -fcyclomatic-complexity -MMD -MP -MF"Drivers/STM32C0xx_HAL_Driver/Src/stm32c0xx_hal_flash.d" -MT"Drivers/STM32C0xx_HAL_Driver/Src/stm32c0xx_hal_flash.o" --specs=nano.specs -mfloat-abi=soft -mthumb -o "Drivers/STM32C0xx_HAL_Driver/Src/stm32c0xx_hal_flash.o"
arm-none-eabi-gcc "../Drivers/STM32C0xx_HAL_Driver/Src/stm32c0xx_hal_flash_ex.c" -mcpu=cortex-m0plus -std=gnu11 -g3 -DDEBUG -DUSE_HAL_DRIVER -DSTM32C011xx -c -I../Core/Inc -I../Drivers/STM32C0xx_HAL_Driver/Inc -I../Drivers/STM32C0xx_HAL_Driver/Inc/Legacy -I../Drivers/CMSIS/Device/ST/STM32C0xx/Include -I../Drivers/CMSIS/Include -O0 -ffunction-sections -fdata-sections -Wall -fstack-usage -fcyclomatic-complexity -MMD -MP -MF"Drivers/STM32C0xx_HAL_Driver/Src/stm32c0xx_hal_flash_ex.d" -MT"Drivers/STM32C0xx_HAL_Driver/Src/stm32c0xx_hal_flash_ex.o" --specs=nano.specs -mfloat-abi=soft -mthumb -o "Drivers/STM32C0xx_HAL_Driver/Src/stm32c0xx_hal_flash_ex.o"
arm-none-eabi-gcc "../Drivers/STM32C0xx_HAL_Driver/Src/stm32c0xx_hal_gpio.c" -mcpu=cortex-m0plus -std=gnu11 -g3 -DDEBUG -DUSE_HAL_DRIVER -DSTM32C011xx -c -I../Core/Inc -I../Drivers/STM32C0xx_HAL_Driver/Inc -I../Drivers/STM32C0xx_HAL_Driver/Inc/Legacy -I../Drivers/CMSIS/Device/ST/STM32C0xx/Include -I../Drivers/CMSIS/Include -O0 -ffunction-sections -fdata-sections -Wall -fstack-usage -fcyclomatic-complexity -MMD -MP -MF"Drivers/STM32C0xx_HAL_Driver/Src/stm32c0xx_hal_gpio.d" -MT"Drivers/STM32C0xx_HAL_Driver/Src/stm32c0xx_hal_gpio.o" --specs=nano.specs -mfloat-abi=soft -mthumb -o "Drivers/STM32C0xx_HAL_Driver/Src/stm32c0xx_hal_gpio.o"
arm-none-eabi-gcc "../Drivers/STM32C0xx_HAL_Driver/Src/stm32c0xx_hal_i2c.c" -mcpu=cortex-m0plus -std=gnu11 -g3 -DDEBUG -DUSE_HAL_DRIVER -DSTM32C011xx -c -I../Core/Inc -I../Drivers/STM32C0xx_HAL_Driver/Inc -I../Drivers/STM32C0xx_HAL_Driver/Inc/Legacy -I../Drivers/CMSIS/Device/ST/STM32C0xx/Include -I../Drivers/CMSIS/Include -O0 -ffunction-sections -fdata-sections -Wall -fstack-usage -fcyclomatic-complexity -MMD -MP -MF"Drivers/STM32C0xx_HAL_Driver/Src/stm32c0xx_hal_i2c.d" -MT"Drivers/STM32C0xx_HAL_Driver/Src/stm32c0xx_hal_i2c.o" --specs=nano.specs -mfloat-abi=soft -mthumb -o "Drivers/STM32C0xx_HAL_Driver/Src/stm32c0xx_hal_i2c.o"
arm-none-eabi-gcc "../Drivers/STM32C0xx_HAL_Driver/Src/stm32c0xx_hal_i2c_ex.c" -mcpu=cortex-m0plus -std=gnu11 -g3 -DDEBUG -DUSE_HAL_DRIVER -DSTM32C011xx -c -I../Core/Inc -I../Drivers/STM32C0xx_HAL_Driver/Inc -I../Drivers/STM32C0xx_HAL_Driver/Inc/Legacy -I../Drivers/CMSIS/Device/ST/STM32C0xx/Include -I../Drivers/CMSIS/Include -O0 -ffunction-sections -fdata-sections -Wall -fstack-usage -fcyclomatic-complexity -MMD -MP -MF"Drivers/STM32C0xx_HAL_Driver/Src/stm32c0xx_hal_i2c_ex.d" -MT"Drivers/STM32C0xx_HAL_Driver/Src/stm32c0xx_hal_i2c_ex.o" --specs=nano.specs -mfloat-abi=soft -mthumb -o "Drivers/STM32C0xx_HAL_Driver/Src/stm32c0xx_hal_i2c_ex.o"
arm-none-eabi-gcc "../Drivers/STM32C0xx_HAL_Driver/Src/stm32c0xx_hal_pwr.c" -mcpu=cortex-m0plus -std=gnu11 -g3 -DDEBUG -DUSE_HAL_DRIVER -DSTM32C011xx -c -I../Core/Inc -I../Drivers/STM32C0xx_HAL_Driver/Inc -I../Drivers/STM32C0xx_HAL_Driver/Inc/Legacy -I../Drivers/CMSIS/Device/ST/STM32C0xx/Include -I../Drivers/CMSIS/Include -O0 -ffunction-sections -fdata-sections -Wall -fstack-usage -fcyclomatic-complexity -MMD -MP -MF"Drivers/STM32C0xx_HAL_Driver/Src/stm32c0xx_hal_pwr.d" -MT"Drivers/STM32C0xx_HAL_Driver/Src/stm32c0xx_hal_pwr.o" --specs=nano.specs -mfloat-abi=soft -mthumb -o "Drivers/STM32C0xx_HAL_Driver/Src/stm32c0xx_hal_pwr.o"
arm-none-eabi-gcc "../Drivers/STM32C0xx_HAL_Driver/Src/stm32c0xx_hal_pwr_ex.c" -mcpu=cortex-m0plus -std=gnu11 -g3 -DDEBUG -DUSE_HAL_DRIVER -DSTM32C011xx -c -I../Core/Inc -I../Drivers/STM32C0xx_HAL_Driver/Inc -I../Drivers/STM32C0xx_HAL_Driver/Inc/Legacy -I../Drivers/CMSIS/Device/ST/STM32C0xx/Include -I../Drivers/CMSIS/Include -O0 -ffunction-sections -fdata-sections -Wall -fstack-usage -fcyclomatic-complexity -MMD -MP -MF"Drivers/STM32C0xx_HAL_Driver/Src/stm32c0xx_hal_pwr_ex.d" -MT"Drivers/STM32C0xx_HAL_Driver/Src/stm32c0xx_hal_pwr_ex.o" --specs=nano.specs -mfloat-abi=soft -mthumb -o "Drivers/STM32C0xx_HAL_Driver/Src/stm32c0xx_hal_pwr_ex.o"
arm-none-eabi-gcc "../Drivers/STM32C0xx_HAL_Driver/Src/stm32c0xx_hal_rcc.c" -mcpu=cortex-m0plus -std=gnu11 -g3 -DDEBUG -DUSE_HAL_DRIVER -DSTM32C011xx -c -I../Core/Inc -I../Drivers/STM32C0xx_HAL_Driver/Inc -I../Drivers/STM32C0xx_HAL_Driver/Inc/Legacy -I../Drivers/CMSIS/Device/ST/STM32C0xx/Include -I../Drivers/CMSIS/Include -O0 -ffunction-sections -fdata-sections -Wall -fstack-usage -fcyclomatic-complexity -MMD -MP -MF"Drivers/STM32C0xx_HAL_Driver/Src/stm32c0xx_hal_rcc.d" -MT"Drivers/STM32C0xx_HAL_Driver/Src/stm32c0xx_hal_rcc.o" --specs=nano.specs -mfloat-abi=soft -mthumb -o "Drivers/STM32C0xx_HAL_Driver/Src/stm32c0xx_hal_rcc.o"
arm-none-eabi-gcc "../Drivers/STM32C0xx_HAL_Driver/Src/stm32c0xx_hal_rcc_ex.c" -mcpu=cortex-m0plus -std=gnu11 -g3 -DDEBUG -DUSE_HAL_DRIVER -DSTM32C011xx -c -I../Core/Inc -I../Drivers/STM32C0xx_HAL_Driver/Inc -I../Drivers/STM32C0xx_HAL_Driver/Inc/Legacy -I../Drivers/CMSIS/Device/ST/STM32C0xx/Include -I../Drivers/CMSIS/Include -O0 -ffunction-sections -fdata-sections -Wall -fstack-usage -fcyclomatic-complexity -MMD -MP -MF"Drivers/STM32C0xx_HAL_Driver/Src/stm32c0xx_hal_rcc_ex.d" -MT"Drivers/STM32C0xx_HAL_Driver/Src/stm32c0xx_hal_rcc_ex.o" --specs=nano.specs -mfloat-abi=soft -mthumb -o "Drivers/STM32C0xx_HAL_Driver/Src/stm32c0xx_hal_rcc_ex.o"
arm-none-eabi-gcc "../Drivers/STM32C0xx_HAL_Driver/Src/stm32c0xx_hal_tim.c" -mcpu=cortex-m0plus -std=gnu11 -g3 -DDEBUG -DUSE_HAL_DRIVER -DSTM32C011xx -c -I../Core/Inc -I../Drivers/STM32C0xx_HAL_Driver/Inc -I../Drivers/STM32C0xx_HAL_Driver/Inc/Legacy -I../Drivers/CMSIS/Device/ST/STM32C0xx/Include -I../Drivers/CMSIS/Include -O0 -ffunction-sections -fdata-sections -Wall -fstack-usage -fcyclomatic-complexity -MMD -MP -MF"Drivers/STM32C0xx_HAL_Driver/Src/stm32c0xx_hal_tim.d" -MT"Drivers/STM32C0xx_HAL_Driver/Src/stm32c0xx_hal_tim.o" --specs=nano.specs -mfloat-abi=soft -mthumb -o "Drivers/STM32C0xx_HAL_Driver/Src/stm32c0xx_hal_tim.o"
arm-none-eabi-gcc "../Drivers/STM32C0xx_HAL_Driver/Src/stm32c0xx_hal_tim_ex.c" -mcpu=cortex-m0plus -std=gnu11 -g3 -DDEBUG -DUSE_HAL_DRIVER -DSTM32C011xx -c -I../Core/Inc -I../Drivers/STM32C0xx_HAL_Driver/Inc -I../Drivers/STM32C0xx_HAL_Driver/Inc/Legacy -I../Drivers/CMSIS/Device/ST/STM32C0xx/Include -I../Drivers/CMSIS/Include -O0 -ffunction-sections -fdata-sections -Wall -fstack-usage -fcyclomatic-complexity -MMD -MP -MF"Drivers/STM32C0xx_HAL_Driver/Src/stm32c0xx_hal_tim_ex.d" -MT"Drivers/STM32C0xx_HAL_Driver/Src/stm32c0xx_hal_tim_ex.o" --specs=nano.specs -mfloat-abi=soft -mthumb -o "Drivers/STM32C0xx_HAL_Driver/Src/stm32c0xx_hal_tim_ex.o"
arm-none-eabi-gcc "../Drivers/STM32C0xx_HAL_Driver/Src/stm32c0xx_hal_uart.c" -mcpu=cortex-m0plus -std=gnu11 -g3 -DDEBUG -DUSE_HAL_DRIVER -DSTM32C011xx -c -I../Core/Inc -I../Drivers/STM32C0xx_HAL_Driver/Inc -I../Drivers/STM32C0xx_HAL_Driver/Inc/Legacy -I../Drivers/CMSIS/Device/ST/STM32C0xx/Include -I../Drivers/CMSIS/Include -O0 -ffunction-sections -fdata-sections -Wall -fstack-usage -fcyclomatic-complexity -MMD -MP -MF"Drivers/STM32C0xx_HAL_Driver/Src/stm32c0xx_hal_uart.d" -MT"Drivers/STM32C0xx_HAL_Driver/Src/stm32c0xx_hal_uart.o" --specs=nano.specs -mfloat-abi=soft -mthumb -o "Drivers/STM32C0xx_HAL_Driver/Src/stm32c0xx_hal_uart.o"
arm-none-eabi-gcc "../Drivers/STM32C0xx_HAL_Driver/Src/stm32c0xx_hal_uart_ex.c" -mcpu=cortex-m0plus -std=gnu11 -g3 -DDEBUG -DUSE_HAL_DRIVER -DSTM32C011xx -c -I../Core/Inc -I../Drivers/STM32C0xx_HAL_Driver/Inc -I../Drivers/STM32C0xx_HAL_Driver/Inc/Legacy -I../Drivers/CMSIS/Device/ST/STM32C0xx/Include -I../Drivers/CMSIS/Include -O0 -ffunction-sections -fdata-sections -Wall -fstack-usage -fcyclomatic-complexity -MMD -MP -MF"Drivers/STM32C0xx_HAL_Driver/Src/stm32c0xx_hal_uart_ex.d" -MT"Drivers/STM32C0xx_HAL_Driver/Src/stm32c0xx_hal_uart_ex.o" --specs=nano.specs -mfloat-abi=soft -mthumb -o "Drivers/STM32C0xx_HAL_Driver/Src/stm32c0xx_hal_uart_ex.o"
arm-none-eabi-gcc -mcpu=cortex-m0plus -g3 -DDEBUG -c -x assembler-with-cpp -MMD -MP -MF"Core/Startup/startup_stm32c011f6ux.d" -MT"Core/Startup/startup_stm32c011f6ux.o" --specs=nano.specs -mfloat-abi=soft -mthumb -o "Core/Startup/startup_stm32c011f6ux.o" "../Core/Startup/startup_stm32c011f6ux.s"
arm-none-eabi-gcc "../Core/Src/bma400.c" -mcpu=cortex-m0plus -std=gnu11 -g3 -DDEBUG -DUSE_HAL_DRIVER -DSTM32C011xx -c -I../Core/Inc -I../Drivers/STM32C0xx_HAL_Driver/Inc -I../Drivers/STM32C0xx_HAL_Driver/Inc/Legacy -I../Drivers/CMSIS/Device/ST/STM32C0xx/Include -I../Drivers/CMSIS/Include -O0 -ffunction-sections -fdata-sections -Wall -fstack-usage -fcyclomatic-complexity -MMD -MP -MF"Core/Src/bma400.d" -MT"Core/Src/bma400.o" --specs=nano.specs -mfloat-abi=soft -mthumb -o "Core/Src/bma400.o"
arm-none-eabi-gcc "../Core/Src/gpio.c" -mcpu=cortex-m0plus -std=gnu11 -g3 -DDEBUG -DUSE_HAL_DRIVER -DSTM32C011xx -c -I../Core/Inc -I../Drivers/STM32C0xx_HAL_Driver/Inc -I../Drivers/STM32C0xx_HAL_Driver/Inc/Legacy -I../Drivers/CMSIS/Device/ST/STM32C0xx/Include -I../Drivers/CMSIS/Include -O0 -ffunction-sections -fdata-sections -Wall -fstack-usage -fcyclomatic-complexity -MMD -MP -MF"Core/Src/gpio.d" -MT"Core/Src/gpio.o" --specs=nano.specs -mfloat-abi=soft -mthumb -o "Core/Src/gpio.o"
arm-none-eabi-gcc "../Core/Src/i2c.c" -mcpu=cortex-m0plus -std=gnu11 -g3 -DDEBUG -DUSE_HAL_DRIVER -DSTM32C011xx -c -I../Core/Inc -I../Drivers/STM32C0xx_HAL_Driver/Inc -I../Drivers/STM32C0xx_HAL_Driver/Inc/Legacy -I../Drivers/CMSIS/Device/ST/STM32C0xx/Include -I../Drivers/CMSIS/Include -O0 -ffunction-sections -fdata-sections -Wall -fstack-usage -fcyclomatic-complexity -MMD -MP -MF"Core/Src/i2c.d" -MT"Core/Src/i2c.o" --specs=nano.specs -mfloat-abi=soft -mthumb -o "Core/Src/i2c.o"
arm-none-eabi-gcc "../Core/Src/main.c" -mcpu=cortex-m0plus -std=gnu11 -g3 -DDEBUG -DUSE_HAL_DRIVER -DSTM32C011xx -c -I../Core/Inc -I../Drivers/STM32C0xx_HAL_Driver/Inc -I../Drivers/STM32C0xx_HAL_Driver/Inc/Legacy -I../Drivers/CMSIS/Device/ST/STM32C0xx/Include -I../Drivers/CMSIS/Include -O0 -ffunction-sections -fdata-sections -Wall -fstack-usage -fcyclomatic-complexity -MMD -MP -MF"Core/Src/main.d" -MT"Core/Src/main.o" --specs=nano.specs -mfloat-abi=soft -mthumb -o "Core/Src/main.o"
arm-none-eabi-gcc "../Core/Src/stm32c0xx_hal_msp.c" -mcpu=cortex-m0plus -std=gnu11 -g3 -DDEBUG -DUSE_HAL_DRIVER -DSTM32C011xx -c -I../Core/Inc -I../Drivers/STM32C0xx_HAL_Driver/Inc -I../Drivers/STM32C0xx_HAL_Driver/Inc/Legacy -I../Drivers/CMSIS/Device/ST/STM32C0xx/Include -I../Drivers/CMSIS/Include -O0 -ffunction-sections -fdata-sections -Wall -fstack-usage -fcyclomatic-complexity -MMD -MP -MF"Core/Src/stm32c0xx_hal_msp.d" -MT"Core/Src/stm32c0xx_hal_msp.o" --specs=nano.specs -mfloat-abi=soft -mthumb -o "Core/Src/stm32c0xx_hal_msp.o"
arm-none-eabi-gcc "../Core/Src/stm32c0xx_it.c" -mcpu=cortex-m0plus -std=gnu11 -g3 -DDEBUG -DUSE_HAL_DRIVER -DSTM32C011xx -c -I../Core/Inc -I../Drivers/STM32C0xx_HAL_Driver/Inc -I../Drivers/STM32C0xx_HAL_Driver/Inc/Legacy -I../Drivers/CMSIS/Device/ST/STM32C0xx/Include -I../Drivers/CMSIS/Include -O0 -ffunction-sections -fdata-sections -Wall -fstack-usage -fcyclomatic-complexity -MMD -MP -MF"Core/Src/stm32c0xx_it.d" -MT"Core/Src/stm32c0xx_it.o" --specs=nano.specs -mfloat-abi=soft -mthumb -o "Core/Src/stm32c0xx_it.o"
arm-none-eabi-gcc "../Core/Src/syscalls.c" -mcpu=cortex-m0plus -std=gnu11 -g3 -DDEBUG -DUSE_HAL_DRIVER -DSTM32C011xx -c -I../Core/Inc -I../Drivers/STM32C0xx_HAL_Driver/Inc -I../Drivers/STM32C0xx_HAL_Driver/Inc/Legacy -I../Drivers/CMSIS/Device/ST/STM32C0xx/Include -I../Drivers/CMSIS/Include -O0 -ffunction-sections -fdata-sections -Wall -fstack-usage -fcyclomatic-complexity -MMD -MP -MF"Core/Src/syscalls.d" -MT"Core/Src/syscalls.o" --specs=nano.specs -mfloat-abi=soft -mthumb -o "Core/Src/syscalls.o"
arm-none-eabi-gcc "../Core/Src/sysmem.c" -mcpu=cortex-m0plus -std=gnu11 -g3 -DDEBUG -DUSE_HAL_DRIVER -DSTM32C011xx -c -I../Core/Inc -I../Drivers/STM32C0xx_HAL_Driver/Inc -I../Drivers/STM32C0xx_HAL_Driver/Inc/Legacy -I../Drivers/CMSIS/Device/ST/STM32C0xx/Include -I../Drivers/CMSIS/Include -O0 -ffunction-sections -fdata-sections -Wall -fstack-usage -fcyclomatic-complexity -MMD -MP -MF"Core/Src/sysmem.d" -MT"Core/Src/sysmem.o" --specs=nano.specs -mfloat-abi=soft -mthumb -o "Core/Src/sysmem.o"
arm-none-eabi-gcc "../Core/Src/system_stm32c0xx.c" -mcpu=cortex-m0plus -std=gnu11 -g3 -DDEBUG -DUSE_HAL_DRIVER -DSTM32C011xx -c -I../Core/Inc -I../Drivers/STM32C0xx_HAL_Driver/Inc -I../Drivers/STM32C0xx_HAL_Driver/Inc/Legacy -I../Drivers/CMSIS/Device/ST/STM32C0xx/Include -I../Drivers/CMSIS/Include -O0 -ffunction-sections -fdata-sections -Wall -fstack-usage -fcyclomatic-complexity -MMD -MP -MF"Core/Src/system_stm32c0xx.d" -MT"Core/Src/system_stm32c0xx.o" --specs=nano.specs -mfloat-abi=soft -mthumb -o "Core/Src/system_stm32c0xx.o"
arm-none-eabi-gcc "../Core/Src/tim.c" -mcpu=cortex-m0plus -std=gnu11 -g3 -DDEBUG -DUSE_HAL_DRIVER -DSTM32C011xx -c -I../Core/Inc -I../Drivers/STM32C0xx_HAL_Driver/Inc -I../Drivers/STM32C0xx_HAL_Driver/Inc/Legacy -I../Drivers/CMSIS/Device/ST/STM32C0xx/Include -I../Drivers/CMSIS/Include -O0 -ffunction-sections -fdata-sections -Wall -fstack-usage -fcyclomatic-complexity -MMD -MP -MF"Core/Src/tim.d" -MT"Core/Src/tim.o" --specs=nano.specs -mfloat-abi=soft -mthumb -o "Core/Src/tim.o"
arm-none-eabi-gcc "../Core/Src/usart.c" -mcpu=cortex-m0plus -std=gnu11 -g3 -DDEBUG -DUSE_HAL_DRIVER -DSTM32C011xx -c -I../Core/Inc -I../Drivers/STM32C0xx_HAL_Driver/Inc -I../Drivers/STM32C0xx_HAL_Driver/Inc/Legacy -I../Drivers/CMSIS/Device/ST/STM32C0xx/Include -I../Drivers/CMSIS/Include -O0 -ffunction-sections -fdata-sections -Wall -fstack-usage -fcyclomatic-complexity -MMD -MP -MF"Core/Src/usart.d" -MT"Core/Src/usart.o" --specs=nano.specs -mfloat-abi=soft -mthumb -o "Core/Src/usart.o"
arm-none-eabi-gcc -o "gate_sensor.elf" @"objects.list"   -mcpu=cortex-m0plus -T"C:\git\Gate-sensor\kody\gate_sensor\STM32C011F6UX_FLASH.ld" --specs=nosys.specs -Wl,-Map="gate_sensor.map" -Wl,--gc-sections -static --specs=nano.specs -mfloat-abi=soft -mthumb -Wl,--start-group -lc -lm -Wl,--end-group
Finished building target: gate_sensor.elf
 
arm-none-eabi-size  gate_sensor.elf 
arm-none-eabi-objdump -h -S gate_sensor.elf  > "gate_sensor.list"
   text	   data	    bss	    dec	    hex	filename
  31944	     92	   2380	  34416	   8670	gate_sensor.elf
Finished building: default.size.stdout
 
Finished building: gate_sensor.list
 
15:45:02 **** Clean-only build of configuration Debug for project gate_sensor ****
make -j8 clean 
rm -rf ./Drivers/STM32C0xx_HAL_Driver/Src/stm32c0xx_hal.cyclo ./Drivers/STM32C0xx_HAL_Driver/Src/stm32c0xx_hal.d ./Drivers/STM32C0xx_HAL_Driver/Src/stm32c0xx_hal.o ./Drivers/STM32C0xx_HAL_Driver/Src/stm32c0xx_hal.su ./Drivers/STM32C0xx_HAL_Driver/Src/stm32c0xx_hal_cortex.cyclo ./Drivers/STM32C0xx_HAL_Driver/Src/stm32c0xx_hal_cortex.d ./Drivers/STM32C0xx_HAL_Driver/Src/stm32c0xx_hal_cortex.o ./Drivers/STM32C0xx_HAL_Driver/Src/stm32c0xx_hal_cortex.su ./Drivers/STM32C0xx_HAL_Driver/Src/stm32c0xx_hal_dma.cyclo ./Drivers/STM32C0xx_HAL_Driver/Src/stm32c0xx_hal_dma.d ./Drivers/STM32C0xx_HAL_Driver/Src/stm32c0xx_hal_dma.o ./Drivers/STM32C0xx_HAL_Driver/Src/stm32c0xx_hal_dma.su ./Drivers/STM32C0xx_HAL_Driver/Src/stm32c0xx_hal_dma_ex.cyclo ./Drivers/STM32C0xx_HAL_Driver/Src/stm32c0xx_hal_dma_ex.d ./Drivers/STM32C0xx_HAL_Driver/Src/stm32c0xx_hal_dma_ex.o ./Drivers/STM32C0xx_HAL_Driver/Src/stm32c0xx_hal_dma_ex.su ./Drivers/STM32C0xx_HAL_Driver/Src/stm32c0xx_hal_exti.cyclo ./Drivers/STM32C0xx_HAL_Driver/Src/stm32c0xx_hal_exti.d ./Drivers/STM32C0xx_HAL_Driver/Src/stm32c0xx_hal_exti.o ./Drivers/STM32C0xx_HAL_Driver/Src/stm32c0xx_hal_exti.su ./Drivers/STM32C0xx_HAL_Driver/Src/stm32c0xx_hal_flash.cyclo ./Drivers/STM32C0xx_HAL_Driver/Src/stm32c0xx_hal_flash.d ./Drivers/STM32C0xx_HAL_Driver/Src/stm32c0xx_hal_flash.o ./Drivers/STM32C0xx_HAL_Driver/Src/stm32c0xx_hal_flash.su ./Drivers/STM32C0xx_HAL_Driver/Src/stm32c0xx_hal_flash_ex.cyclo ./Drivers/STM32C0xx_HAL_Driver/Src/stm32c0xx_hal_flash_ex.d ./Drivers/STM32C0xx_HAL_Driver/Src/stm32c0xx_hal_flash_ex.o ./Drivers/STM32C0xx_HAL_Driver/Src/stm32c0xx_hal_flash_ex.su ./Drivers/STM32C0xx_HAL_Driver/Src/stm32c0xx_hal_gpio.cyclo ./Drivers/STM32C0xx_HAL_Driver/Src/stm32c0xx_hal_gpio.d ./Drivers/STM32C0xx_HAL_Driver/Src/stm32c0xx_hal_gpio.o ./Drivers/STM32C0xx_HAL_Driver/Src/stm32c0xx_hal_gpio.su ./Drivers/STM32C0xx_HAL_Driver/Src/stm32c0xx_hal_i2c.cyclo ./Drivers/STM32C0xx_HAL_Driver/Src/stm32c0xx_hal_i2c.d ./Drivers/STM32C0xx_HAL_Driver/Src/stm32c0xx_hal_i2c.o ./Drivers/STM32C0xx_HAL_Driver/Src/stm32c0xx_hal_i2c.su ./Drivers/STM32C0xx_HAL_Driver/Src/stm32c0xx_hal_i2c_ex.cyclo ./Drivers/STM32C0xx_HAL_Driver/Src/stm32c0xx_hal_i2c_ex.d ./Drivers/STM32C0xx_HAL_Driver/Src/stm32c0xx_hal_i2c_ex.o ./Drivers/STM32C0xx_HAL_Driver/Src/stm32c0xx_hal_i2c_ex.su ./Drivers/STM32C0xx_HAL_Driver/Src/stm32c0xx_hal_pwr.cyclo ./Drivers/STM32C0xx_HAL_Driver/Src/stm32c0xx_hal_pwr.d ./Drivers/STM32C0xx_HAL_Driver/Src/stm32c0xx_hal_pwr.o ./Drivers/STM32C0xx_HAL_Driver/Src/stm32c0xx_hal_pwr.su ./Drivers/STM32C0xx_HAL_Driver/Src/stm32c0xx_hal_pwr_ex.cyclo ./Drivers/STM32C0xx_HAL_Driver/Src/stm32c0xx_hal_pwr_ex.d ./Drivers/STM32C0xx_HAL_Driver/Src/stm32c0xx_hal_pwr_ex.o ./Drivers/STM32C0xx_HAL_Driver/Src/stm32c0xx_hal_pwr_ex.su ./Drivers/STM32C0xx_HAL_Driver/Src/stm32c0xx_hal_rcc.cyclo ./Drivers/STM32C0xx_HAL_Driver/Src/stm32c0xx_hal_rcc.d ./Drivers/STM32C0xx_HAL_Driver/Src/stm32c0xx_hal_rcc.o ./Drivers/STM32C0xx_HAL_Driver/Src/stm32c0xx_hal_rcc.su ./Drivers/STM32C0xx_HAL_Driver/Src/stm32c0xx_hal_rcc_ex.cyclo ./Drivers/STM32C0xx_HAL_Driver/Src/stm32c0xx_hal_rcc_ex.d ./Drivers/STM32C0xx_HAL_Driver/Src/stm32c0xx_hal_rcc_ex.o ./Drivers/STM32C0xx_HAL_Driver/Src/stm32c0xx_hal_rcc_ex.su ./Drivers/STM32C0xx_HAL_Driver/Src/stm32c0xx_hal_tim.cyclo ./Drivers/STM32C0xx_HAL_Driver/Src/stm32c0xx_hal_tim.d ./Drivers/STM32C0xx_HAL_Driver/Src/stm32c0xx_hal_tim.o ./Drivers/STM32C0xx_HAL_Driver/Src/stm32c0xx_hal_tim.su ./Drivers/STM32C0xx_HAL_Driver/Src/stm32c0xx_hal_tim_ex.cyclo ./Drivers/STM32C0xx_HAL_Driver/Src/stm32c0xx_hal_tim_ex.d ./Drivers/STM32C0xx_HAL_Driver/Src/stm32c0xx_hal_tim_ex.o ./Drivers/STM32C0xx_HAL_Driver/Src/stm32c0xx_hal_tim_ex.su ./Drivers/STM32C0xx_HAL_Driver/Src/stm32c0xx_hal_uart.cyclo ./Drivers/STM32C0xx_HAL_Driver/Src/stm32c0xx_hal_uart.d ./Drivers/STM32C0xx_HAL_Driver/Src/stm32c0xx_hal_uart.o ./Drivers/STM32C0xx_HAL_Driver/Src/stm32c0xx_hal_uart.su ./Drivers/STM32C0xx_HAL_Driver/Src/stm32c0xx_hal_uart_ex.cyclo ./Drivers/STM32C0xx_HAL_Driver/Src/stm32c0xx_hal_uart_ex.d ./Drivers/STM32C0xx_HAL_Driver/Src/stm32c0xx_hal_uart_ex.o ./Drivers/STM32C0xx_HAL_Driver/Src/stm32c0xx_hal_uart_ex.su
rm -rf ./Core/Startup/startup_stm32c011f6ux.d ./Core/Startup/startup_stm32c011f6ux.o
rm -rf ./Core/Src/bma400.cyclo ./Core/Src/bma400.d ./Core/Src/bma400.o ./Core/Src/bma400.su ./Core/Src/gpio.cyclo ./Core/Src/gpio.d ./Core/Src/gpio.o ./Core/Src/gpio.su ./Core/Src/i2c.cyclo ./Core/Src/i2c.d ./Core/Src/i2c.o ./Core/Src/i2c.su ./Core/Src/main.cyclo ./Core/Src/main.d ./Core/Src/main.o ./Core/Src/main.su ./Core/Src/stm32c0xx_hal_msp.cyclo ./Core/Src/stm32c0xx_hal_msp.d ./Core/Src/stm32c0xx_hal_msp.o ./Core/Src/stm32c0xx_hal_msp.su ./Core/Src/stm32c0xx_it.cyclo ./Core/Src/stm32c0xx_it.d ./Core/Src/stm32c0xx_it.o ./Core/Src/stm32c0xx_it.su ./Core/Src/syscalls.cyclo ./Core/Src/syscalls.d ./Core/Src/syscalls.o ./Core/Src/syscalls.su ./Core/Src/sysmem.cyclo ./Core/Src/sysmem.d ./Core/Src/sysmem.o ./Core/Src/sysmem.su ./Core/Src/system_stm32c0xx.cyclo ./Core/Src/system_stm32c0xx.d ./Core/Src/system_stm32c0xx.o ./Core/Src/system_stm32c0xx.su ./Core/Src/tim.cyclo ./Core/Src/tim.d ./Core/Src/tim.o ./Core/Src/tim.su ./Core/Src/usart.cyclo ./Core/Src/usart.d ./Core/Src/usart.o ./Core/Src/usart.su
rm -rf default.size.stdout gate_sensor.elf gate_sensor.list gate_sensor.map
 
15:45:02 **** Build of configuration Debug for project gate_sensor ****
make -j8 all 
arm-none-eabi-gcc "../Drivers/STM32C0xx_HAL_Driver/Src/stm32c0xx_hal.c" -mcpu=cortex-m0plus -std=gnu11 -g3 -DDEBUG -DUSE_HAL_DRIVER -DSTM32C011xx -c -I../Core/Inc -I../Drivers/STM32C0xx_HAL_Driver/Inc -I../Drivers/STM32C0xx_HAL_Driver/Inc/Legacy -I../Drivers/CMSIS/Device/ST/STM32C0xx/Include -I../Drivers/CMSIS/Include -O0 -ffunction-sections -fdata-sections -Wall -fstack-usage -fcyclomatic-complexity -MMD -MP -MF"Drivers/STM32C0xx_HAL_Driver/Src/stm32c0xx_hal.d" -MT"Drivers/STM32C0xx_HAL_Driver/Src/stm32c0xx_hal.o" --specs=nano.specs -mfloat-abi=soft -mthumb -o "Drivers/STM32C0xx_HAL_Driver/Src/stm32c0xx_hal.o"
arm-none-eabi-gcc "../Drivers/STM32C0xx_HAL_Driver/Src/stm32c0xx_hal_cortex.c" -mcpu=cortex-m0plus -std=gnu11 -g3 -DDEBUG -DUSE_HAL_DRIVER -DSTM32C011xx -c -I../Core/Inc -I../Drivers/STM32C0xx_HAL_Driver/Inc -I../Drivers/STM32C0xx_HAL_Driver/Inc/Legacy -I../Drivers/CMSIS/Device/ST/STM32C0xx/Include -I../Drivers/CMSIS/Include -O0 -ffunction-sections -fdata-sections -Wall -fstack-usage -fcyclomatic-complexity -MMD -MP -MF"Drivers/STM32C0xx_HAL_Driver/Src/stm32c0xx_hal_cortex.d" -MT"Drivers/STM32C0xx_HAL_Driver/Src/stm32c0xx_hal_cortex.o" --specs=nano.specs -mfloat-abi=soft -mthumb -o "Drivers/STM32C0xx_HAL_Driver/Src/stm32c0xx_hal_cortex.o"
arm-none-eabi-gcc "../Drivers/STM32C0xx_HAL_Driver/Src/stm32c0xx_hal_dma.c" -mcpu=cortex-m0plus -std=gnu11 -g3 -DDEBUG -DUSE_HAL_DRIVER -DSTM32C011xx -c -I../Core/Inc -I../Drivers/STM32C0xx_HAL_Driver/Inc -I../Drivers/STM32C0xx_HAL_Driver/Inc/Legacy -I../Drivers/CMSIS/Device/ST/STM32C0xx/Include -I../Drivers/CMSIS/Include -O0 -ffunction-sections -fdata-sections -Wall -fstack-usage -fcyclomatic-complexity -MMD -MP -MF"Drivers/STM32C0xx_HAL_Driver/Src/stm32c0xx_hal_dma.d" -MT"Drivers/STM32C0xx_HAL_Driver/Src/stm32c0xx_hal_dma.o" --specs=nano.specs -mfloat-abi=soft -mthumb -o "Drivers/STM32C0xx_HAL_Driver/Src/stm32c0xx_hal_dma.o"
arm-none-eabi-gcc "../Drivers/STM32C0xx_HAL_Driver/Src/stm32c0xx_hal_dma_ex.c" -mcpu=cortex-m0plus -std=gnu11 -g3 -DDEBUG -DUSE_HAL_DRIVER -DSTM32C011xx -c -I../Core/Inc -I../Drivers/STM32C0xx_HAL_Driver/Inc -I../Drivers/STM32C0xx_HAL_Driver/Inc/Legacy -I../Drivers/CMSIS/Device/ST/STM32C0xx/Include -I../Drivers/CMSIS/Include -O0 -ffunction-sections -fdata-sections -Wall -fstack-usage -fcyclomatic-complexity -MMD -MP -MF"Drivers/STM32C0xx_HAL_Driver/Src/stm32c0xx_hal_dma_ex.d" -MT"Drivers/STM32C0xx_HAL_Driver/Src/stm32c0xx_hal_dma_ex.o" --specs=nano.specs -mfloat-abi=soft -mthumb -o "Drivers/STM32C0xx_HAL_Driver/Src/stm32c0xx_hal_dma_ex.o"
arm-none-eabi-gcc "../Drivers/STM32C0xx_HAL_Driver/Src/stm32c0xx_hal_exti.c" -mcpu=cortex-m0plus -std=gnu11 -g3 -DDEBUG -DUSE_HAL_DRIVER -DSTM32C011xx -c -I../Core/Inc -I../Drivers/STM32C0xx_HAL_Driver/Inc -I../Drivers/STM32C0xx_HAL_Driver/Inc/Legacy -I../Drivers/CMSIS/Device/ST/STM32C0xx/Include -I../Drivers/CMSIS/Include -O0 -ffunction-sections -fdata-sections -Wall -fstack-usage -fcyclomatic-complexity -MMD -MP -MF"Drivers/STM32C0xx_HAL_Driver/Src/stm32c0xx_hal_exti.d" -MT"Drivers/STM32C0xx_HAL_Driver/Src/stm32c0xx_hal_exti.o" --specs=nano.specs -mfloat-abi=soft -mthumb -o "Drivers/STM32C0xx_HAL_Driver/Src/stm32c0xx_hal_exti.o"
arm-none-eabi-gcc "../Drivers/STM32C0xx_HAL_Driver/Src/stm32c0xx_hal_flash.c" -mcpu=cortex-m0plus -std=gnu11 -g3 -DDEBUG -DUSE_HAL_DRIVER -DSTM32C011xx -c -I../Core/Inc -I../Drivers/STM32C0xx_HAL_Driver/Inc -I../Drivers/STM32C0xx_HAL_Driver/Inc/Legacy -I../Drivers/CMSIS/Device/ST/STM32C0xx/Include -I../Drivers/CMSIS/Include -O0 -ffunction-sections -fdata-sections -Wall -fstack-usage -fcyclomatic-complexity -MMD -MP -MF"Drivers/STM32C0xx_HAL_Driver/Src/stm32c0xx_hal_flash.d" -MT"Drivers/STM32C0xx_HAL_Driver/Src/stm32c0xx_hal_flash.o" --specs=nano.specs -mfloat-abi=soft -mthumb -o "Drivers/STM32C0xx_HAL_Driver/Src/stm32c0xx_hal_flash.o"
arm-none-eabi-gcc "../Drivers/STM32C0xx_HAL_Driver/Src/stm32c0xx_hal_flash_ex.c" -mcpu=cortex-m0plus -std=gnu11 -g3 -DDEBUG -DUSE_HAL_DRIVER -DSTM32C011xx -c -I../Core/Inc -I../Drivers/STM32C0xx_HAL_Driver/Inc -I../Drivers/STM32C0xx_HAL_Driver/Inc/Legacy -I../Drivers/CMSIS/Device/ST/STM32C0xx/Include -I../Drivers/CMSIS/Include -O0 -ffunction-sections -fdata-sections -Wall -fstack-usage -fcyclomatic-complexity -MMD -MP -MF"Drivers/STM32C0xx_HAL_Driver/Src/stm32c0xx_hal_flash_ex.d" -MT"Drivers/STM32C0xx_HAL_Driver/Src/stm32c0xx_hal_flash_ex.o" --specs=nano.specs -mfloat-abi=soft -mthumb -o "Drivers/STM32C0xx_HAL_Driver/Src/stm32c0xx_hal_flash_ex.o"
arm-none-eabi-gcc "../Drivers/STM32C0xx_HAL_Driver/Src/stm32c0xx_hal_gpio.c" -mcpu=cortex-m0plus -std=gnu11 -g3 -DDEBUG -DUSE_HAL_DRIVER -DSTM32C011xx -c -I../Core/Inc -I../Drivers/STM32C0xx_HAL_Driver/Inc -I../Drivers/STM32C0xx_HAL_Driver/Inc/Legacy -I../Drivers/CMSIS/Device/ST/STM32C0xx/Include -I../Drivers/CMSIS/Include -O0 -ffunction-sections -fdata-sections -Wall -fstack-usage -fcyclomatic-complexity -MMD -MP -MF"Drivers/STM32C0xx_HAL_Driver/Src/stm32c0xx_hal_gpio.d" -MT"Drivers/STM32C0xx_HAL_Driver/Src/stm32c0xx_hal_gpio.o" --specs=nano.specs -mfloat-abi=soft -mthumb -o "Drivers/STM32C0xx_HAL_Driver/Src/stm32c0xx_hal_gpio.o"
arm-none-eabi-gcc "../Drivers/STM32C0xx_HAL_Driver/Src/stm32c0xx_hal_i2c.c" -mcpu=cortex-m0plus -std=gnu11 -g3 -DDEBUG -DUSE_HAL_DRIVER -DSTM32C011xx -c -I../Core/Inc -I../Drivers/STM32C0xx_HAL_Driver/Inc -I../Drivers/STM32C0xx_HAL_Driver/Inc/Legacy -I../Drivers/CMSIS/Device/ST/STM32C0xx/Include -I../Drivers/CMSIS/Include -O0 -ffunction-sections -fdata-sections -Wall -fstack-usage -fcyclomatic-complexity -MMD -MP -MF"Drivers/STM32C0xx_HAL_Driver/Src/stm32c0xx_hal_i2c.d" -MT"Drivers/STM32C0xx_HAL_Driver/Src/stm32c0xx_hal_i2c.o" --specs=nano.specs -mfloat-abi=soft -mthumb -o "Drivers/STM32C0xx_HAL_Driver/Src/stm32c0xx_hal_i2c.o"
arm-none-eabi-gcc "../Drivers/STM32C0xx_HAL_Driver/Src/stm32c0xx_hal_i2c_ex.c" -mcpu=cortex-m0plus -std=gnu11 -g3 -DDEBUG -DUSE_HAL_DRIVER -DSTM32C011xx -c -I../Core/Inc -I../Drivers/STM32C0xx_HAL_Driver/Inc -I../Drivers/STM32C0xx_HAL_Driver/Inc/Legacy -I../Drivers/CMSIS/Device/ST/STM32C0xx/Include -I../Drivers/CMSIS/Include -O0 -ffunction-sections -fdata-sections -Wall -fstack-usage -fcyclomatic-complexity -MMD -MP -MF"Drivers/STM32C0xx_HAL_Driver/Src/stm32c0xx_hal_i2c_ex.d" -MT"Drivers/STM32C0xx_HAL_Driver/Src/stm32c0xx_hal_i2c_ex.o" --specs=nano.specs -mfloat-abi=soft -mthumb -o "Drivers/STM32C0xx_HAL_Driver/Src/stm32c0xx_hal_i2c_ex.o"
arm-none-eabi-gcc "../Drivers/STM32C0xx_HAL_Driver/Src/stm32c0xx_hal_pwr.c" -mcpu=cortex-m0plus -std=gnu11 -g3 -DDEBUG -DUSE_HAL_DRIVER -DSTM32C011xx -c -I../Core/Inc -I../Drivers/STM32C0xx_HAL_Driver/Inc -I../Drivers/STM32C0xx_HAL_Driver/Inc/Legacy -I../Drivers/CMSIS/Device/ST/STM32C0xx/Include -I../Drivers/CMSIS/Include -O0 -ffunction-sections -fdata-sections -Wall -fstack-usage -fcyclomatic-complexity -MMD -MP -MF"Drivers/STM32C0xx_HAL_Driver/Src/stm32c0xx_hal_pwr.d" -MT"Drivers/STM32C0xx_HAL_Driver/Src/stm32c0xx_hal_pwr.o" --specs=nano.specs -mfloat-abi=soft -mthumb -o "Drivers/STM32C0xx_HAL_Driver/Src/stm32c0xx_hal_pwr.o"
arm-none-eabi-gcc "../Drivers/STM32C0xx_HAL_Driver/Src/stm32c0xx_hal_pwr_ex.c" -mcpu=cortex-m0plus -std=gnu11 -g3 -DDEBUG -DUSE_HAL_DRIVER -DSTM32C011xx -c -I../Core/Inc -I../Drivers/STM32C0xx_HAL_Driver/Inc -I../Drivers/STM32C0xx_HAL_Driver/Inc/Legacy -I../Drivers/CMSIS/Device/ST/STM32C0xx/Include -I../Drivers/CMSIS/Include -O0 -ffunction-sections -fdata-sections -Wall -fstack-usage -fcyclomatic-complexity -MMD -MP -MF"Drivers/STM32C0xx_HAL_Driver/Src/stm32c0xx_hal_pwr_ex.d" -MT"Drivers/STM32C0xx_HAL_Driver/Src/stm32c0xx_hal_pwr_ex.o" --specs=nano.specs -mfloat-abi=soft -mthumb -o "Drivers/STM32C0xx_HAL_Driver/Src/stm32c0xx_hal_pwr_ex.o"
arm-none-eabi-gcc "../Drivers/STM32C0xx_HAL_Driver/Src/stm32c0xx_hal_rcc.c" -mcpu=cortex-m0plus -std=gnu11 -g3 -DDEBUG -DUSE_HAL_DRIVER -DSTM32C011xx -c -I../Core/Inc -I../Drivers/STM32C0xx_HAL_Driver/Inc -I../Drivers/STM32C0xx_HAL_Driver/Inc/Legacy -I../Drivers/CMSIS/Device/ST/STM32C0xx/Include -I../Drivers/CMSIS/Include -O0 -ffunction-sections -fdata-sections -Wall -fstack-usage -fcyclomatic-complexity -MMD -MP -MF"Drivers/STM32C0xx_HAL_Driver/Src/stm32c0xx_hal_rcc.d" -MT"Drivers/STM32C0xx_HAL_Driver/Src/stm32c0xx_hal_rcc.o" --specs=nano.specs -mfloat-abi=soft -mthumb -o "Drivers/STM32C0xx_HAL_Driver/Src/stm32c0xx_hal_rcc.o"
arm-none-eabi-gcc "../Drivers/STM32C0xx_HAL_Driver/Src/stm32c0xx_hal_rcc_ex.c" -mcpu=cortex-m0plus -std=gnu11 -g3 -DDEBUG -DUSE_HAL_DRIVER -DSTM32C011xx -c -I../Core/Inc -I../Drivers/STM32C0xx_HAL_Driver/Inc -I../Drivers/STM32C0xx_HAL_Driver/Inc/Legacy -I../Drivers/CMSIS/Device/ST/STM32C0xx/Include -I../Drivers/CMSIS/Include -O0 -ffunction-sections -fdata-sections -Wall -fstack-usage -fcyclomatic-complexity -MMD -MP -MF"Drivers/STM32C0xx_HAL_Driver/Src/stm32c0xx_hal_rcc_ex.d" -MT"Drivers/STM32C0xx_HAL_Driver/Src/stm32c0xx_hal_rcc_ex.o" --specs=nano.specs -mfloat-abi=soft -mthumb -o "Drivers/STM32C0xx_HAL_Driver/Src/stm32c0xx_hal_rcc_ex.o"
arm-none-eabi-gcc "../Drivers/STM32C0xx_HAL_Driver/Src/stm32c0xx_hal_tim.c" -mcpu=cortex-m0plus -std=gnu11 -g3 -DDEBUG -DUSE_HAL_DRIVER -DSTM32C011xx -c -I../Core/Inc -I../Drivers/STM32C0xx_HAL_Driver/Inc -I../Drivers/STM32C0xx_HAL_Driver/Inc/Legacy -I../Drivers/CMSIS/Device/ST/STM32C0xx/Include -I../Drivers/CMSIS/Include -O0 -ffunction-sections -fdata-sections -Wall -fstack-usage -fcyclomatic-complexity -MMD -MP -MF"Drivers/STM32C0xx_HAL_Driver/Src/stm32c0xx_hal_tim.d" -MT"Drivers/STM32C0xx_HAL_Driver/Src/stm32c0xx_hal_tim.o" --specs=nano.specs -mfloat-abi=soft -mthumb -o "Drivers/STM32C0xx_HAL_Driver/Src/stm32c0xx_hal_tim.o"
arm-none-eabi-gcc "../Drivers/STM32C0xx_HAL_Driver/Src/stm32c0xx_hal_tim_ex.c" -mcpu=cortex-m0plus -std=gnu11 -g3 -DDEBUG -DUSE_HAL_DRIVER -DSTM32C011xx -c -I../Core/Inc -I../Drivers/STM32C0xx_HAL_Driver/Inc -I../Drivers/STM32C0xx_HAL_Driver/Inc/Legacy -I../Drivers/CMSIS/Device/ST/STM32C0xx/Include -I../Drivers/CMSIS/Include -O0 -ffunction-sections -fdata-sections -Wall -fstack-usage -fcyclomatic-complexity -MMD -MP -MF"Drivers/STM32C0xx_HAL_Driver/Src/stm32c0xx_hal_tim_ex.d" -MT"Drivers/STM32C0xx_HAL_Driver/Src/stm32c0xx_hal_tim_ex.o" --specs=nano.specs -mfloat-abi=soft -mthumb -o "Drivers/STM32C0xx_HAL_Driver/Src/stm32c0xx_hal_tim_ex.o"
arm-none-eabi-gcc "../Drivers/STM32C0xx_HAL_Driver/Src/stm32c0xx_hal_uart.c" -mcpu=cortex-m0plus -std=gnu11 -g3 -DDEBUG -DUSE_HAL_DRIVER -DSTM32C011xx -c -I../Core/Inc -I../Drivers/STM32C0xx_HAL_Driver/Inc -I../Drivers/STM32C0xx_HAL_Driver/Inc/Legacy -I../Drivers/CMSIS/Device/ST/STM32C0xx/Include -I../Drivers/CMSIS/Include -O0 -ffunction-sections -fdata-sections -Wall -fstack-usage -fcyclomatic-complexity -MMD -MP -MF"Drivers/STM32C0xx_HAL_Driver/Src/stm32c0xx_hal_uart.d" -MT"Drivers/STM32C0xx_HAL_Driver/Src/stm32c0xx_hal_uart.o" --specs=nano.specs -mfloat-abi=soft -mthumb -o "Drivers/STM32C0xx_HAL_Driver/Src/stm32c0xx_hal_uart.o"
arm-none-eabi-gcc "../Drivers/STM32C0xx_HAL_Driver/Src/stm32c0xx_hal_uart_ex.c" -mcpu=cortex-m0plus -std=gnu11 -g3 -DDEBUG -DUSE_HAL_DRIVER -DSTM32C011xx -c -I../Core/Inc -I../Drivers/STM32C0xx_HAL_Driver/Inc -I../Drivers/STM32C0xx_HAL_Driver/Inc/Legacy -I../Drivers/CMSIS/Device/ST/STM32C0xx/Include -I../Drivers/CMSIS/Include -O0 -ffunction-sections -fdata-sections -Wall -fstack-usage -fcyclomatic-complexity -MMD -MP -MF"Drivers/STM32C0xx_HAL_Driver/Src/stm32c0xx_hal_uart_ex.d" -MT"Drivers/STM32C0xx_HAL_Driver/Src/stm32c0xx_hal_uart_ex.o" --specs=nano.specs -mfloat-abi=soft -mthumb -o "Drivers/STM32C0xx_HAL_Driver/Src/stm32c0xx_hal_uart_ex.o"
arm-none-eabi-gcc -mcpu=cortex-m0plus -g3 -DDEBUG -c -x assembler-with-cpp -MMD -MP -MF"Core/Startup/startup_stm32c011f6ux.d" -MT"Core/Startup/startup_stm32c011f6ux.o" --specs=nano.specs -mfloat-abi=soft -mthumb -o "Core/Startup/startup_stm32c011f6ux.o" "../Core/Startup/startup_stm32c011f6ux.s"
arm-none-eabi-gcc "../Core/Src/bma400.c" -mcpu=cortex-m0plus -std=gnu11 -g3 -DDEBUG -DUSE_HAL_DRIVER -DSTM32C011xx -c -I../Core/Inc -I../Drivers/STM32C0xx_HAL_Driver/Inc -I../Drivers/STM32C0xx_HAL_Driver/Inc/Legacy -I../Drivers/CMSIS/Device/ST/STM32C0xx/Include -I../Drivers/CMSIS/Include -O0 -ffunction-sections -fdata-sections -Wall -fstack-usage -fcyclomatic-complexity -MMD -MP -MF"Core/Src/bma400.d" -MT"Core/Src/bma400.o" --specs=nano.specs -mfloat-abi=soft -mthumb -o "Core/Src/bma400.o"
arm-none-eabi-gcc "../Core/Src/gpio.c" -mcpu=cortex-m0plus -std=gnu11 -g3 -DDEBUG -DUSE_HAL_DRIVER -DSTM32C011xx -c -I../Core/Inc -I../Drivers/STM32C0xx_HAL_Driver/Inc -I../Drivers/STM32C0xx_HAL_Driver/Inc/Legacy -I../Drivers/CMSIS/Device/ST/STM32C0xx/Include -I../Drivers/CMSIS/Include -O0 -ffunction-sections -fdata-sections -Wall -fstack-usage -fcyclomatic-complexity -MMD -MP -MF"Core/Src/gpio.d" -MT"Core/Src/gpio.o" --specs=nano.specs -mfloat-abi=soft -mthumb -o "Core/Src/gpio.o"
arm-none-eabi-gcc "../Core/Src/i2c.c" -mcpu=cortex-m0plus -std=gnu11 -g3 -DDEBUG -DUSE_HAL_DRIVER -DSTM32C011xx -c -I../Core/Inc -I../Drivers/STM32C0xx_HAL_Driver/Inc -I../Drivers/STM32C0xx_HAL_Driver/Inc/Legacy -I../Drivers/CMSIS/Device/ST/STM32C0xx/Include -I../Drivers/CMSIS/Include -O0 -ffunction-sections -fdata-sections -Wall -fstack-usage -fcyclomatic-complexity -MMD -MP -MF"Core/Src/i2c.d" -MT"Core/Src/i2c.o" --specs=nano.specs -mfloat-abi=soft -mthumb -o "Core/Src/i2c.o"
arm-none-eabi-gcc "../Core/Src/main.c" -mcpu=cortex-m0plus -std=gnu11 -g3 -DDEBUG -DUSE_HAL_DRIVER -DSTM32C011xx -c -I../Core/Inc -I../Drivers/STM32C0xx_HAL_Driver/Inc -I../Drivers/STM32C0xx_HAL_Driver/Inc/Legacy -I../Drivers/CMSIS/Device/ST/STM32C0xx/Include -I../Drivers/CMSIS/Include -O0 -ffunction-sections -fdata-sections -Wall -fstack-usage -fcyclomatic-complexity -MMD -MP -MF"Core/Src/main.d" -MT"Core/Src/main.o" --specs=nano.specs -mfloat-abi=soft -mthumb -o "Core/Src/main.o"
arm-none-eabi-gcc "../Core/Src/stm32c0xx_hal_msp.c" -mcpu=cortex-m0plus -std=gnu11 -g3 -DDEBUG -DUSE_HAL_DRIVER -DSTM32C011xx -c -I../Core/Inc -I../Drivers/STM32C0xx_HAL_Driver/Inc -I../Drivers/STM32C0xx_HAL_Driver/Inc/Legacy -I../Drivers/CMSIS/Device/ST/STM32C0xx/Include -I../Drivers/CMSIS/Include -O0 -ffunction-sections -fdata-sections -Wall -fstack-usage -fcyclomatic-complexity -MMD -MP -MF"Core/Src/stm32c0xx_hal_msp.d" -MT"Core/Src/stm32c0xx_hal_msp.o" --specs=nano.specs -mfloat-abi=soft -mthumb -o "Core/Src/stm32c0xx_hal_msp.o"
arm-none-eabi-gcc "../Core/Src/stm32c0xx_it.c" -mcpu=cortex-m0plus -std=gnu11 -g3 -DDEBUG -DUSE_HAL_DRIVER -DSTM32C011xx -c -I../Core/Inc -I../Drivers/STM32C0xx_HAL_Driver/Inc -I../Drivers/STM32C0xx_HAL_Driver/Inc/Legacy -I../Drivers/CMSIS/Device/ST/STM32C0xx/Include -I../Drivers/CMSIS/Include -O0 -ffunction-sections -fdata-sections -Wall -fstack-usage -fcyclomatic-complexity -MMD -MP -MF"Core/Src/stm32c0xx_it.d" -MT"Core/Src/stm32c0xx_it.o" --specs=nano.specs -mfloat-abi=soft -mthumb -o "Core/Src/stm32c0xx_it.o"
arm-none-eabi-gcc "../Core/Src/syscalls.c" -mcpu=cortex-m0plus -std=gnu11 -g3 -DDEBUG -DUSE_HAL_DRIVER -DSTM32C011xx -c -I../Core/Inc -I../Drivers/STM32C0xx_HAL_Driver/Inc -I../Drivers/STM32C0xx_HAL_Driver/Inc/Legacy -I../Drivers/CMSIS/Device/ST/STM32C0xx/Include -I../Drivers/CMSIS/Include -O0 -ffunction-sections -fdata-sections -Wall -fstack-usage -fcyclomatic-complexity -MMD -MP -MF"Core/Src/syscalls.d" -MT"Core/Src/syscalls.o" --specs=nano.specs -mfloat-abi=soft -mthumb -o "Core/Src/syscalls.o"
arm-none-eabi-gcc "../Core/Src/sysmem.c" -mcpu=cortex-m0plus -std=gnu11 -g3 -DDEBUG -DUSE_HAL_DRIVER -DSTM32C011xx -c -I../Core/Inc -I../Drivers/STM32C0xx_HAL_Driver/Inc -I../Drivers/STM32C0xx_HAL_Driver/Inc/Legacy -I../Drivers/CMSIS/Device/ST/STM32C0xx/Include -I../Drivers/CMSIS/Include -O0 -ffunction-sections -fdata-sections -Wall -fstack-usage -fcyclomatic-complexity -MMD -MP -MF"Core/Src/sysmem.d" -MT"Core/Src/sysmem.o" --specs=nano.specs -mfloat-abi=soft -mthumb -o "Core/Src/sysmem.o"
arm-none-eabi-gcc "../Core/Src/system_stm32c0xx.c" -mcpu=cortex-m0plus -std=gnu11 -g3 -DDEBUG -DUSE_HAL_DRIVER -DSTM32C011xx -c -I../Core/Inc -I../Drivers/STM32C0xx_HAL_Driver/Inc -I../Drivers/STM32C0xx_HAL_Driver/Inc/Legacy -I../Drivers/CMSIS/Device/ST/STM32C0xx/Include -I../Drivers/CMSIS/Include -O0 -ffunction-sections -fdata-sections -Wall -fstack-usage -fcyclomatic-complexity -MMD -MP -MF"Core/Src/system_stm32c0xx.d" -MT"Core/Src/system_stm32c0xx.o" --specs=nano.specs -mfloat-abi=soft -mthumb -o "Core/Src/system_stm32c0xx.o"
arm-none-eabi-gcc "../Core/Src/tim.c" -mcpu=cortex-m0plus -std=gnu11 -g3 -DDEBUG -DUSE_HAL_DRIVER -DSTM32C011xx -c -I../Core/Inc -I../Drivers/STM32C0xx_HAL_Driver/Inc -I../Drivers/STM32C0xx_HAL_Driver/Inc/Legacy -I../Drivers/CMSIS/Device/ST/STM32C0xx/Include -I../Drivers/CMSIS/Include -O0 -ffunction-sections -fdata-sections -Wall -fstack-usage -fcyclomatic-complexity -MMD -MP -MF"Core/Src/tim.d" -MT"Core/Src/tim.o" --specs=nano.specs -mfloat-abi=soft -mthumb -o "Core/Src/tim.o"
arm-none-eabi-gcc "../Core/Src/usart.c" -mcpu=cortex-m0plus -std=gnu11 -g3 -DDEBUG -DUSE_HAL_DRIVER -DSTM32C011xx -c -I../Core/Inc -I../Drivers/STM32C0xx_HAL_Driver/Inc -I../Drivers/STM32C0xx_HAL_Driver/Inc/Legacy -I../Drivers/CMSIS/Device/ST/STM32C0xx/Include -I../Drivers/CMSIS/Include -O0 -ffunction-sections -fdata-sections -Wall -fstack-usage -fcyclomatic-complexity -MMD -MP -MF"Core/Src/usart.d" -MT"Core/Src/usart.o" --specs=nano.specs -mfloat-abi=soft -mthumb -o "Core/Src/usart.o"
arm-none-eabi-gcc -o "gate_sensor.elf" @"objects.list"   -mcpu=cortex-m0plus -T"C:\git\Gate-sensor\kody\gate_sensor\STM32C011F6UX_FLASH.ld" --specs=nosys.specs -Wl,-Map="gate_sensor.map" -Wl,--gc-sections -static --specs=nano.specs -mfloat-abi=soft -mthumb -Wl,--start-group -lc -lm -Wl,--end-group
Finished building target: gate_sensor.elf
 
arm-none-eabi-size  gate_sensor.elf 
arm-none-eabi-objdump -h -S gate_sensor.elf  > "gate_sensor.list"
   text	   data	    bss	    dec	    hex	filename
  31944	     92	   2380	  34416	   8670	gate_sensor.elf
Finished building: default.size.stdout
 
Finished building: gate_sensor.list
 
15:45:18 **** Clean-only build of configuration Debug for project gate_sensor ****
make -j8 clean 
rm -rf ./Drivers/STM32C0xx_HAL_Driver/Src/stm32c0xx_hal.cyclo ./Drivers/STM32C0xx_HAL_Driver/Src/stm32c0xx_hal.d ./Drivers/STM32C0xx_HAL_Driver/Src/stm32c0xx_hal.o ./Drivers/STM32C0xx_HAL_Driver/Src/stm32c0xx_hal.su ./Drivers/STM32C0xx_HAL_Driver/Src/stm32c0xx_hal_cortex.cyclo ./Drivers/STM32C0xx_HAL_Driver/Src/stm32c0xx_hal_cortex.d ./Drivers/STM32C0xx_HAL_Driver/Src/stm32c0xx_hal_cortex.o ./Drivers/STM32C0xx_HAL_Driver/Src/stm32c0xx_hal_cortex.su ./Drivers/STM32C0xx_HAL_Driver/Src/stm32c0xx_hal_dma.cyclo ./Drivers/STM32C0xx_HAL_Driver/Src/stm32c0xx_hal_dma.d ./Drivers/STM32C0xx_HAL_Driver/Src/stm32c0xx_hal_dma.o ./Drivers/STM32C0xx_HAL_Driver/Src/stm32c0xx_hal_dma.su ./Drivers/STM32C0xx_HAL_Driver/Src/stm32c0xx_hal_dma_ex.cyclo ./Drivers/STM32C0xx_HAL_Driver/Src/stm32c0xx_hal_dma_ex.d ./Drivers/STM32C0xx_HAL_Driver/Src/stm32c0xx_hal_dma_ex.o ./Drivers/STM32C0xx_HAL_Driver/Src/stm32c0xx_hal_dma_ex.su ./Drivers/STM32C0xx_HAL_Driver/Src/stm32c0xx_hal_exti.cyclo ./Drivers/STM32C0xx_HAL_Driver/Src/stm32c0xx_hal_exti.d ./Drivers/STM32C0xx_HAL_Driver/Src/stm32c0xx_hal_exti.o ./Drivers/STM32C0xx_HAL_Driver/Src/stm32c0xx_hal_exti.su ./Drivers/STM32C0xx_HAL_Driver/Src/stm32c0xx_hal_flash.cyclo ./Drivers/STM32C0xx_HAL_Driver/Src/stm32c0xx_hal_flash.d ./Drivers/STM32C0xx_HAL_Driver/Src/stm32c0xx_hal_flash.o ./Drivers/STM32C0xx_HAL_Driver/Src/stm32c0xx_hal_flash.su ./Drivers/STM32C0xx_HAL_Driver/Src/stm32c0xx_hal_flash_ex.cyclo ./Drivers/STM32C0xx_HAL_Driver/Src/stm32c0xx_hal_flash_ex.d ./Drivers/STM32C0xx_HAL_Driver/Src/stm32c0xx_hal_flash_ex.o ./Drivers/STM32C0xx_HAL_Driver/Src/stm32c0xx_hal_flash_ex.su ./Drivers/STM32C0xx_HAL_Driver/Src/stm32c0xx_hal_gpio.cyclo ./Drivers/STM32C0xx_HAL_Driver/Src/stm32c0xx_hal_gpio.d ./Drivers/STM32C0xx_HAL_Driver/Src/stm32c0xx_hal_gpio.o ./Drivers/STM32C0xx_HAL_Driver/Src/stm32c0xx_hal_gpio.su ./Drivers/STM32C0xx_HAL_Driver/Src/stm32c0xx_hal_i2c.cyclo ./Drivers/STM32C0xx_HAL_Driver/Src/stm32c0xx_hal_i2c.d ./Drivers/STM32C0xx_HAL_Driver/Src/stm32c0xx_hal_i2c.o ./Drivers/STM32C0xx_HAL_Driver/Src/stm32c0xx_hal_i2c.su ./Drivers/STM32C0xx_HAL_Driver/Src/stm32c0xx_hal_i2c_ex.cyclo ./Drivers/STM32C0xx_HAL_Driver/Src/stm32c0xx_hal_i2c_ex.d ./Drivers/STM32C0xx_HAL_Driver/Src/stm32c0xx_hal_i2c_ex.o ./Drivers/STM32C0xx_HAL_Driver/Src/stm32c0xx_hal_i2c_ex.su ./Drivers/STM32C0xx_HAL_Driver/Src/stm32c0xx_hal_pwr.cyclo ./Drivers/STM32C0xx_HAL_Driver/Src/stm32c0xx_hal_pwr.d ./Drivers/STM32C0xx_HAL_Driver/Src/stm32c0xx_hal_pwr.o ./Drivers/STM32C0xx_HAL_Driver/Src/stm32c0xx_hal_pwr.su ./Drivers/STM32C0xx_HAL_Driver/Src/stm32c0xx_hal_pwr_ex.cyclo ./Drivers/STM32C0xx_HAL_Driver/Src/stm32c0xx_hal_pwr_ex.d ./Drivers/STM32C0xx_HAL_Driver/Src/stm32c0xx_hal_pwr_ex.o ./Drivers/STM32C0xx_HAL_Driver/Src/stm32c0xx_hal_pwr_ex.su ./Drivers/STM32C0xx_HAL_Driver/Src/stm32c0xx_hal_rcc.cyclo ./Drivers/STM32C0xx_HAL_Driver/Src/stm32c0xx_hal_rcc.d ./Drivers/STM32C0xx_HAL_Driver/Src/stm32c0xx_hal_rcc.o ./Drivers/STM32C0xx_HAL_Driver/Src/stm32c0xx_hal_rcc.su ./Drivers/STM32C0xx_HAL_Driver/Src/stm32c0xx_hal_rcc_ex.cyclo ./Drivers/STM32C0xx_HAL_Driver/Src/stm32c0xx_hal_rcc_ex.d ./Drivers/STM32C0xx_HAL_Driver/Src/stm32c0xx_hal_rcc_ex.o ./Drivers/STM32C0xx_HAL_Driver/Src/stm32c0xx_hal_rcc_ex.su ./Drivers/STM32C0xx_HAL_Driver/Src/stm32c0xx_hal_tim.cyclo ./Drivers/STM32C0xx_HAL_Driver/Src/stm32c0xx_hal_tim.d ./Drivers/STM32C0xx_HAL_Driver/Src/stm32c0xx_hal_tim.o ./Drivers/STM32C0xx_HAL_Driver/Src/stm32c0xx_hal_tim.su ./Drivers/STM32C0xx_HAL_Driver/Src/stm32c0xx_hal_tim_ex.cyclo ./Drivers/STM32C0xx_HAL_Driver/Src/stm32c0xx_hal_tim_ex.d ./Drivers/STM32C0xx_HAL_Driver/Src/stm32c0xx_hal_tim_ex.o ./Drivers/STM32C0xx_HAL_Driver/Src/stm32c0xx_hal_tim_ex.su ./Drivers/STM32C0xx_HAL_Driver/Src/stm32c0xx_hal_uart.cyclo ./Drivers/STM32C0xx_HAL_Driver/Src/stm32c0xx_hal_uart.d ./Drivers/STM32C0xx_HAL_Driver/Src/stm32c0xx_hal_uart.o ./Drivers/STM32C0xx_HAL_Driver/Src/stm32c0xx_hal_uart.su ./Drivers/STM32C0xx_HAL_Driver/Src/stm32c0xx_hal_uart_ex.cyclo ./Drivers/STM32C0xx_HAL_Driver/Src/stm32c0xx_hal_uart_ex.d ./Drivers/STM32C0xx_HAL_Driver/Src/stm32c0xx_hal_uart_ex.o ./Drivers/STM32C0xx_HAL_Driver/Src/stm32c0xx_hal_uart_ex.su
rm -rf ./Core/Startup/startup_stm32c011f6ux.d ./Core/Startup/startup_stm32c011f6ux.o
rm -rf ./Core/Src/bma400.cyclo ./Core/Src/bma400.d ./Core/Src/bma400.o ./Core/Src/bma400.su ./Core/Src/gpio.cyclo ./Core/Src/gpio.d ./Core/Src/gpio.o ./Core/Src/gpio.su ./Core/Src/i2c.cyclo ./Core/Src/i2c.d ./Core/Src/i2c.o ./Core/Src/i2c.su ./Core/Src/main.cyclo ./Core/Src/main.d ./Core/Src/main.o ./Core/Src/main.su ./Core/Src/stm32c0xx_hal_msp.cyclo ./Core/Src/stm32c0xx_hal_msp.d ./Core/Src/stm32c0xx_hal_msp.o ./Core/Src/stm32c0xx_hal_msp.su ./Core/Src/stm32c0xx_it.cyclo ./Core/Src/stm32c0xx_it.d ./Core/Src/stm32c0xx_it.o ./Core/Src/stm32c0xx_it.su ./Core/Src/syscalls.cyclo ./Core/Src/syscalls.d ./Core/Src/syscalls.o ./Core/Src/syscalls.su ./Core/Src/sysmem.cyclo ./Core/Src/sysmem.d ./Core/Src/sysmem.o ./Core/Src/sysmem.su ./Core/Src/system_stm32c0xx.cyclo ./Core/Src/system_stm32c0xx.d ./Core/Src/system_stm32c0xx.o ./Core/Src/system_stm32c0xx.su ./Core/Src/tim.cyclo ./Core/Src/tim.d ./Core/Src/tim.o ./Core/Src/tim.su ./Core/Src/usart.cyclo ./Core/Src/usart.d ./Core/Src/usart.o ./Core/Src/usart.su
rm -rf default.size.stdout gate_sensor.elf gate_sensor.list gate_sensor.map
 
15:45:19 **** Build of configuration Debug for project gate_sensor ****
make -j8 all 
arm-none-eabi-gcc "../Drivers/STM32C0xx_HAL_Driver/Src/stm32c0xx_hal.c" -mcpu=cortex-m0plus -std=gnu11 -g3 -DDEBUG -DUSE_HAL_DRIVER -DSTM32C011xx -c -I../Core/Inc -I../Drivers/STM32C0xx_HAL_Driver/Inc -I../Drivers/STM32C0xx_HAL_Driver/Inc/Legacy -I../Drivers/CMSIS/Device/ST/STM32C0xx/Include -I../Drivers/CMSIS/Include -O0 -ffunction-sections -fdata-sections -Wall -fstack-usage -fcyclomatic-complexity -MMD -MP -MF"Drivers/STM32C0xx_HAL_Driver/Src/stm32c0xx_hal.d" -MT"Drivers/STM32C0xx_HAL_Driver/Src/stm32c0xx_hal.o" --specs=nano.specs -mfloat-abi=soft -mthumb -o "Drivers/STM32C0xx_HAL_Driver/Src/stm32c0xx_hal.o"
arm-none-eabi-gcc "../Drivers/STM32C0xx_HAL_Driver/Src/stm32c0xx_hal_cortex.c" -mcpu=cortex-m0plus -std=gnu11 -g3 -DDEBUG -DUSE_HAL_DRIVER -DSTM32C011xx -c -I../Core/Inc -I../Drivers/STM32C0xx_HAL_Driver/Inc -I../Drivers/STM32C0xx_HAL_Driver/Inc/Legacy -I../Drivers/CMSIS/Device/ST/STM32C0xx/Include -I../Drivers/CMSIS/Include -O0 -ffunction-sections -fdata-sections -Wall -fstack-usage -fcyclomatic-complexity -MMD -MP -MF"Drivers/STM32C0xx_HAL_Driver/Src/stm32c0xx_hal_cortex.d" -MT"Drivers/STM32C0xx_HAL_Driver/Src/stm32c0xx_hal_cortex.o" --specs=nano.specs -mfloat-abi=soft -mthumb -o "Drivers/STM32C0xx_HAL_Driver/Src/stm32c0xx_hal_cortex.o"
arm-none-eabi-gcc "../Drivers/STM32C0xx_HAL_Driver/Src/stm32c0xx_hal_dma.c" -mcpu=cortex-m0plus -std=gnu11 -g3 -DDEBUG -DUSE_HAL_DRIVER -DSTM32C011xx -c -I../Core/Inc -I../Drivers/STM32C0xx_HAL_Driver/Inc -I../Drivers/STM32C0xx_HAL_Driver/Inc/Legacy -I../Drivers/CMSIS/Device/ST/STM32C0xx/Include -I../Drivers/CMSIS/Include -O0 -ffunction-sections -fdata-sections -Wall -fstack-usage -fcyclomatic-complexity -MMD -MP -MF"Drivers/STM32C0xx_HAL_Driver/Src/stm32c0xx_hal_dma.d" -MT"Drivers/STM32C0xx_HAL_Driver/Src/stm32c0xx_hal_dma.o" --specs=nano.specs -mfloat-abi=soft -mthumb -o "Drivers/STM32C0xx_HAL_Driver/Src/stm32c0xx_hal_dma.o"
arm-none-eabi-gcc "../Drivers/STM32C0xx_HAL_Driver/Src/stm32c0xx_hal_dma_ex.c" -mcpu=cortex-m0plus -std=gnu11 -g3 -DDEBUG -DUSE_HAL_DRIVER -DSTM32C011xx -c -I../Core/Inc -I../Drivers/STM32C0xx_HAL_Driver/Inc -I../Drivers/STM32C0xx_HAL_Driver/Inc/Legacy -I../Drivers/CMSIS/Device/ST/STM32C0xx/Include -I../Drivers/CMSIS/Include -O0 -ffunction-sections -fdata-sections -Wall -fstack-usage -fcyclomatic-complexity -MMD -MP -MF"Drivers/STM32C0xx_HAL_Driver/Src/stm32c0xx_hal_dma_ex.d" -MT"Drivers/STM32C0xx_HAL_Driver/Src/stm32c0xx_hal_dma_ex.o" --specs=nano.specs -mfloat-abi=soft -mthumb -o "Drivers/STM32C0xx_HAL_Driver/Src/stm32c0xx_hal_dma_ex.o"
arm-none-eabi-gcc "../Drivers/STM32C0xx_HAL_Driver/Src/stm32c0xx_hal_exti.c" -mcpu=cortex-m0plus -std=gnu11 -g3 -DDEBUG -DUSE_HAL_DRIVER -DSTM32C011xx -c -I../Core/Inc -I../Drivers/STM32C0xx_HAL_Driver/Inc -I../Drivers/STM32C0xx_HAL_Driver/Inc/Legacy -I../Drivers/CMSIS/Device/ST/STM32C0xx/Include -I../Drivers/CMSIS/Include -O0 -ffunction-sections -fdata-sections -Wall -fstack-usage -fcyclomatic-complexity -MMD -MP -MF"Drivers/STM32C0xx_HAL_Driver/Src/stm32c0xx_hal_exti.d" -MT"Drivers/STM32C0xx_HAL_Driver/Src/stm32c0xx_hal_exti.o" --specs=nano.specs -mfloat-abi=soft -mthumb -o "Drivers/STM32C0xx_HAL_Driver/Src/stm32c0xx_hal_exti.o"
arm-none-eabi-gcc "../Drivers/STM32C0xx_HAL_Driver/Src/stm32c0xx_hal_flash.c" -mcpu=cortex-m0plus -std=gnu11 -g3 -DDEBUG -DUSE_HAL_DRIVER -DSTM32C011xx -c -I../Core/Inc -I../Drivers/STM32C0xx_HAL_Driver/Inc -I../Drivers/STM32C0xx_HAL_Driver/Inc/Legacy -I../Drivers/CMSIS/Device/ST/STM32C0xx/Include -I../Drivers/CMSIS/Include -O0 -ffunction-sections -fdata-sections -Wall -fstack-usage -fcyclomatic-complexity -MMD -MP -MF"Drivers/STM32C0xx_HAL_Driver/Src/stm32c0xx_hal_flash.d" -MT"Drivers/STM32C0xx_HAL_Driver/Src/stm32c0xx_hal_flash.o" --specs=nano.specs -mfloat-abi=soft -mthumb -o "Drivers/STM32C0xx_HAL_Driver/Src/stm32c0xx_hal_flash.o"
arm-none-eabi-gcc "../Drivers/STM32C0xx_HAL_Driver/Src/stm32c0xx_hal_flash_ex.c" -mcpu=cortex-m0plus -std=gnu11 -g3 -DDEBUG -DUSE_HAL_DRIVER -DSTM32C011xx -c -I../Core/Inc -I../Drivers/STM32C0xx_HAL_Driver/Inc -I../Drivers/STM32C0xx_HAL_Driver/Inc/Legacy -I../Drivers/CMSIS/Device/ST/STM32C0xx/Include -I../Drivers/CMSIS/Include -O0 -ffunction-sections -fdata-sections -Wall -fstack-usage -fcyclomatic-complexity -MMD -MP -MF"Drivers/STM32C0xx_HAL_Driver/Src/stm32c0xx_hal_flash_ex.d" -MT"Drivers/STM32C0xx_HAL_Driver/Src/stm32c0xx_hal_flash_ex.o" --specs=nano.specs -mfloat-abi=soft -mthumb -o "Drivers/STM32C0xx_HAL_Driver/Src/stm32c0xx_hal_flash_ex.o"
arm-none-eabi-gcc "../Drivers/STM32C0xx_HAL_Driver/Src/stm32c0xx_hal_gpio.c" -mcpu=cortex-m0plus -std=gnu11 -g3 -DDEBUG -DUSE_HAL_DRIVER -DSTM32C011xx -c -I../Core/Inc -I../Drivers/STM32C0xx_HAL_Driver/Inc -I../Drivers/STM32C0xx_HAL_Driver/Inc/Legacy -I../Drivers/CMSIS/Device/ST/STM32C0xx/Include -I../Drivers/CMSIS/Include -O0 -ffunction-sections -fdata-sections -Wall -fstack-usage -fcyclomatic-complexity -MMD -MP -MF"Drivers/STM32C0xx_HAL_Driver/Src/stm32c0xx_hal_gpio.d" -MT"Drivers/STM32C0xx_HAL_Driver/Src/stm32c0xx_hal_gpio.o" --specs=nano.specs -mfloat-abi=soft -mthumb -o "Drivers/STM32C0xx_HAL_Driver/Src/stm32c0xx_hal_gpio.o"
arm-none-eabi-gcc "../Drivers/STM32C0xx_HAL_Driver/Src/stm32c0xx_hal_i2c.c" -mcpu=cortex-m0plus -std=gnu11 -g3 -DDEBUG -DUSE_HAL_DRIVER -DSTM32C011xx -c -I../Core/Inc -I../Drivers/STM32C0xx_HAL_Driver/Inc -I../Drivers/STM32C0xx_HAL_Driver/Inc/Legacy -I../Drivers/CMSIS/Device/ST/STM32C0xx/Include -I../Drivers/CMSIS/Include -O0 -ffunction-sections -fdata-sections -Wall -fstack-usage -fcyclomatic-complexity -MMD -MP -MF"Drivers/STM32C0xx_HAL_Driver/Src/stm32c0xx_hal_i2c.d" -MT"Drivers/STM32C0xx_HAL_Driver/Src/stm32c0xx_hal_i2c.o" --specs=nano.specs -mfloat-abi=soft -mthumb -o "Drivers/STM32C0xx_HAL_Driver/Src/stm32c0xx_hal_i2c.o"
[...]
Finished building: default.size.stdout
 
Finished building: gate_sensor.list
 
15:46:14 **** Incremental Build of configuration Debug for project gate_sensor ****
make -j8 all 
arm-none-eabi-size  gate_sensor.elf 
   text	   data	    bss	    dec	    hex	filename
  31948	     92	   2284	  34324	   8614	gate_sensor.elf
Finished building: default.size.stdout
 
15:46:53 **** Incremental Build of configuration Debug for project gate_sensor ****
make -j8 all 
arm-none-eabi-size  gate_sensor.elf 
   text	   data	    bss	    dec	    hex	filename
  31948	     92	   2284	  34324	   8614	gate_sensor.elf
Finished building: default.size.stdout
 
15:47:54 **** Incremental Build of configuration Debug for project gate_sensor ****
make -j8 all 
arm-none-eabi-gcc "../Core/Src/main.c" -mcpu=cortex-m0plus -std=gnu11 -g3 -DDEBUG -DUSE_HAL_DRIVER -DSTM32C011xx -c -I../Core/Inc -I../Drivers/STM32C0xx_HAL_Driver/Inc -I../Drivers/STM32C0xx_HAL_Driver/Inc/Legacy -I../Drivers/CMSIS/Device/ST/STM32C0xx/Include -I../Drivers/CMSIS/Include -O0 -ffunction-sections -fdata-sections -Wall -fstack-usage -fcyclomatic-complexity -MMD -MP -MF"Core/Src/main.d" -MT"Core/Src/main.o" --specs=nano.specs -mfloat-abi=soft -mthumb -o "Core/Src/main.o"
arm-none-eabi-gcc -o "gate_sensor.elf" @"objects.list"   -mcpu=cortex-m0plus -T"C:\git\Gate-sensor\kody\gate_sensor\STM32C011F6UX_FLASH.ld" --specs=nosys.specs -Wl,-Map="gate_sensor.map" -Wl,--gc-sections -static --specs=nano.specs -mfloat-abi=soft -mthumb -Wl,--start-group -lc -lm -Wl,--end-group
Finished building target: gate_sensor.elf
 
arm-none-eabi-size  gate_sensor.elf 
arm-none-eabi-objdump -h -S gate_sensor.elf  > "gate_sensor.list"
   text	   data	    bss	    dec	    hex	filename
  31948	     92	   2284	  34324	   8614	gate_sensor.elf
Finished building: default.size.stdout
 
Finished building: gate_sensor.list
 
15:47:58 **** Incremental Build of configuration Debug for project gate_sensor ****
make -j8 all 
arm-none-eabi-size  gate_sensor.elf 
   text	   data	    bss	    dec	    hex	filename
  31948	     92	   2284	  34324	   8614	gate_sensor.elf
Finished building: default.size.stdout
 
15:48:14 **** Incremental Build of configuration Debug for project gate_sensor ****
make -j8 all 
arm-none-eabi-size  gate_sensor.elf 
   text	   data	    bss	    dec	    hex	filename
  31948	     92	   2284	  34324	   8614	gate_sensor.elf
Finished building: default.size.stdout
 
15:48:55 **** Incremental Build of configuration Debug for project gate_sensor ****
make -j8 all 
arm-none-eabi-size  gate_sensor.elf 
   text	   data	    bss	    dec	    hex	filename
  31948	     92	   2284	  34324	   8614	gate_sensor.elf
Finished building: default.size.stdout
 
15:49:10 **** Incremental Build of configuration Debug for project gate_sensor ****
make -j8 all 
arm-none-eabi-size  gate_sensor.elf 
   text	   data	    bss	    dec	    hex	filename
  31948	     92	   2284	  34324	   8614	gate_sensor.elf
Finished building: default.size.stdout
 
15:50:07 **** Incremental Build of configuration Debug for project gate_sensor ****
make -j8 all 
arm-none-eabi-gcc "../Core/Src/main.c" -mcpu=cortex-m0plus -std=gnu11 -g3 -DDEBUG -DUSE_HAL_DRIVER -DSTM32C011xx -c -I../Core/Inc -I../Drivers/STM32C0xx_HAL_Driver/Inc -I../Drivers/STM32C0xx_HAL_Driver/Inc/Legacy -I../Drivers/CMSIS/Device/ST/STM32C0xx/Include -I../Drivers/CMSIS/Include -O0 -ffunction-sections -fdata-sections -Wall -fstack-usage -fcyclomatic-complexity -MMD -MP -MF"Core/Src/main.d" -MT"Core/Src/main.o" --specs=nano.specs -mfloat-abi=soft -mthumb -o "Core/Src/main.o"
arm-none-eabi-gcc -o "gate_sensor.elf" @"objects.list"   -mcpu=cortex-m0plus -T"C:\git\Gate-sensor\kody\gate_sensor\STM32C011F6UX_FLASH.ld" --specs=nosys.specs -Wl,-Map="gate_sensor.map" -Wl,--gc-sections -static --specs=nano.specs -mfloat-abi=soft -mthumb -Wl,--start-group -lc -lm -Wl,--end-group
Finished building target: gate_sensor.elf
 
arm-none-eabi-size  gate_sensor.elf 
arm-none-eabi-objdump -h -S gate_sensor.elf  > "gate_sensor.list"
   text	   data	    bss	    dec	    hex	filename
  31952	     92	   2284	  34328	   8618	gate_sensor.elf
Finished building: default.size.stdout
 
Finished building: gate_sensor.list
 
15:50:16 **** Incremental Build of configuration Debug for project gate_sensor ****
make -j8 all 
arm-none-eabi-size  gate_sensor.elf 
   text	   data	    bss	    dec	    hex	filename
  31952	     92	   2284	  34328	   8618	gate_sensor.elf
Finished building: default.size.stdout
 
15:50:55 **** Incremental Build of configuration Debug for project gate_sensor ****
make -j8 all 
arm-none-eabi-gcc "../Core/Src/main.c" -mcpu=cortex-m0plus -std=gnu11 -g3 -DDEBUG -DUSE_HAL_DRIVER -DSTM32C011xx -c -I../Core/Inc -I../Drivers/STM32C0xx_HAL_Driver/Inc -I../Drivers/STM32C0xx_HAL_Driver/Inc/Legacy -I../Drivers/CMSIS/Device/ST/STM32C0xx/Include -I../Drivers/CMSIS/Include -O0 -ffunction-sections -fdata-sections -Wall -fstack-usage -fcyclomatic-complexity -MMD -MP -MF"Core/Src/main.d" -MT"Core/Src/main.o" --specs=nano.specs -mfloat-abi=soft -mthumb -o "Core/Src/main.o"
arm-none-eabi-gcc -o "gate_sensor.elf" @"objects.list"   -mcpu=cortex-m0plus -T"C:\git\Gate-sensor\kody\gate_sensor\STM32C011F6UX_FLASH.ld" --specs=nosys.specs -Wl,-Map="gate_sensor.map" -Wl,--gc-sections -static --specs=nano.specs -mfloat-abi=soft -mthumb -Wl,--start-group -lc -lm -Wl,--end-group
Finished building target: gate_sensor.elf
 
arm-none-eabi-size  gate_sensor.elf 
arm-none-eabi-objdump -h -S gate_sensor.elf  > "gate_sensor.list"
   text	   data	    bss	    dec	    hex	filename
  31960	     92	   2284	  34336	   8620	gate_sensor.elf
Finished building: default.size.stdout
 
Finished building: gate_sensor.list
 
15:51:01 **** Incremental Build of configuration Debug for project gate_sensor ****
make -j8 all 
arm-none-eabi-size  gate_sensor.elf 
   text	   data	    bss	    dec	    hex	filename
  31960	     92	   2284	  34336	   8620	gate_sensor.elf
Finished building: default.size.stdout
 
15:52:45 **** Incremental Build of configuration Debug for project gate_sensor ****
make -j8 all 
arm-none-eabi-gcc "../Core/Src/main.c" -mcpu=cortex-m0plus -std=gnu11 -g3 -DDEBUG -DUSE_HAL_DRIVER -DSTM32C011xx -c -I../Core/Inc -I../Drivers/STM32C0xx_HAL_Driver/Inc -I../Drivers/STM32C0xx_HAL_Driver/Inc/Legacy -I../Drivers/CMSIS/Device/ST/STM32C0xx/Include -I../Drivers/CMSIS/Include -O0 -ffunction-sections -fdata-sections -Wall -fstack-usage -fcyclomatic-complexity -MMD -MP -MF"Core/Src/main.d" -MT"Core/Src/main.o" --specs=nano.specs -mfloat-abi=soft -mthumb -o "Core/Src/main.o"
arm-none-eabi-gcc -o "gate_sensor.elf" @"objects.list"   -mcpu=cortex-m0plus -T"C:\git\Gate-sensor\kody\gate_sensor\STM32C011F6UX_FLASH.ld" --specs=nosys.specs -Wl,-Map="gate_sensor.map" -Wl,--gc-sections -static --specs=nano.specs -mfloat-abi=soft -mthumb -Wl,--start-group -lc -lm -Wl,--end-group
Finished building target: gate_sensor.elf
 
arm-none-eabi-size  gate_sensor.elf 
arm-none-eabi-objdump -h -S gate_sensor.elf  > "gate_sensor.list"
   text	   data	    bss	    dec	    hex	filename
  31984	     92	   2284	  34360	   8638	gate_sensor.elf
Finished building: default.size.stdout
 
Finished building: gate_sensor.list
 
15:52:49 **** Incremental Build of configuration Debug for project gate_sensor ****
make -j8 all 
arm-none-eabi-size  gate_sensor.elf 
   text	   data	    bss	    dec	    hex	filename
  31984	     92	   2284	  34360	   8638	gate_sensor.elf
Finished building: default.size.stdout
 
15:54:39 **** Incremental Build of configuration Debug for project gate_sensor ****
make -j8 all 
arm-none-eabi-gcc "../Core/Src/main.c" -mcpu=cortex-m0plus -std=gnu11 -g3 -DDEBUG -DUSE_HAL_DRIVER -DSTM32C011xx -c -I../Core/Inc -I../Drivers/STM32C0xx_HAL_Driver/Inc -I../Drivers/STM32C0xx_HAL_Driver/Inc/Legacy -I../Drivers/CMSIS/Device/ST/STM32C0xx/Include -I../Drivers/CMSIS/Include -O0 -ffunction-sections -fdata-sections -Wall -fstack-usage -fcyclomatic-complexity -MMD -MP -MF"Core/Src/main.d" -MT"Core/Src/main.o" --specs=nano.specs -mfloat-abi=soft -mthumb -o "Core/Src/main.o"
arm-none-eabi-gcc -o "gate_sensor.elf" @"objects.list"   -mcpu=cortex-m0plus -T"C:\git\Gate-sensor\kody\gate_sensor\STM32C011F6UX_FLASH.ld" --specs=nosys.specs -Wl,-Map="gate_sensor.map" -Wl,--gc-sections -static --specs=nano.specs -mfloat-abi=soft -mthumb -Wl,--start-group -lc -lm -Wl,--end-group
Finished building target: gate_sensor.elf
 
arm-none-eabi-size  gate_sensor.elf 
arm-none-eabi-objdump -h -S gate_sensor.elf  > "gate_sensor.list"
   text	   data	    bss	    dec	    hex	filename
  32012	     92	   2284	  34388	   8654	gate_sensor.elf
Finished building: default.size.stdout
 
Finished building: gate_sensor.list
 
15:54:46 **** Incremental Build of configuration Debug for project gate_sensor ****
make -j8 all 
arm-none-eabi-size  gate_sensor.elf 
   text	   data	    bss	    dec	    hex	filename
  32012	     92	   2284	  34388	   8654	gate_sensor.elf
Finished building: default.size.stdout
 
15:56:08 **** Incremental Build of configuration Debug for project gate_sensor ****
make -j8 all 
arm-none-eabi-gcc "../Core/Src/main.c" -mcpu=cortex-m0plus -std=gnu11 -g3 -DDEBUG -DUSE_HAL_DRIVER -DSTM32C011xx -c -I../Core/Inc -I../Drivers/STM32C0xx_HAL_Driver/Inc -I../Drivers/STM32C0xx_HAL_Driver/Inc/Legacy -I../Drivers/CMSIS/Device/ST/STM32C0xx/Include -I../Drivers/CMSIS/Include -O0 -ffunction-sections -fdata-sections -Wall -fstack-usage -fcyclomatic-complexity -MMD -MP -MF"Core/Src/main.d" -MT"Core/Src/main.o" --specs=nano.specs -mfloat-abi=soft -mthumb -o "Core/Src/main.o"
arm-none-eabi-gcc -o "gate_sensor.elf" @"objects.list"   -mcpu=cortex-m0plus -T"C:\git\Gate-sensor\kody\gate_sensor\STM32C011F6UX_FLASH.ld" --specs=nosys.specs -Wl,-Map="gate_sensor.map" -Wl,--gc-sections -static --specs=nano.specs -mfloat-abi=soft -mthumb -Wl,--start-group -lc -lm -Wl,--end-group
Finished building target: gate_sensor.elf
 
arm-none-eabi-size  gate_sensor.elf 
arm-none-eabi-objdump -h -S gate_sensor.elf  > "gate_sensor.list"
   text	   data	    bss	    dec	    hex	filename
  31956	     92	   2284	  34332	   861c	gate_sensor.elf
Finished building: default.size.stdout
 
Finished building: gate_sensor.list
 
15:56:13 **** Incremental Build of configuration Debug for project gate_sensor ****
make -j8 all 
arm-none-eabi-size  gate_sensor.elf 
   text	   data	    bss	    dec	    hex	filename
  31956	     92	   2284	  34332	   861c	gate_sensor.elf
Finished building: default.size.stdout
 
15:56:37 **** Incremental Build of configuration Debug for project gate_sensor ****
make -j8 all 
arm-none-eabi-gcc "../Core/Src/main.c" -mcpu=cortex-m0plus -std=gnu11 -g3 -DDEBUG -DUSE_HAL_DRIVER -DSTM32C011xx -c -I../Core/Inc -I../Drivers/STM32C0xx_HAL_Driver/Inc -I../Drivers/STM32C0xx_HAL_Driver/Inc/Legacy -I../Drivers/CMSIS/Device/ST/STM32C0xx/Include -I../Drivers/CMSIS/Include -O0 -ffunction-sections -fdata-sections -Wall -fstack-usage -fcyclomatic-complexity -MMD -MP -MF"Core/Src/main.d" -MT"Core/Src/main.o" --specs=nano.specs -mfloat-abi=soft -mthumb -o "Core/Src/main.o"
arm-none-eabi-gcc -o "gate_sensor.elf" @"objects.list"   -mcpu=cortex-m0plus -T"C:\git\Gate-sensor\kody\gate_sensor\STM32C011F6UX_FLASH.ld" --specs=nosys.specs -Wl,-Map="gate_sensor.map" -Wl,--gc-sections -static --specs=nano.specs -mfloat-abi=soft -mthumb -Wl,--start-group -lc -lm -Wl,--end-group
Finished building target: gate_sensor.elf
 
arm-none-eabi-size  gate_sensor.elf 
arm-none-eabi-objdump -h -S gate_sensor.elf  > "gate_sensor.list"
   text	   data	    bss	    dec	    hex	filename
  31956	     92	   2284	  34332	   861c	gate_sensor.elf
Finished building: default.size.stdout
 
Finished building: gate_sensor.list
 
15:56:41 **** Incremental Build of configuration Debug for project gate_sensor ****
make -j8 all 
arm-none-eabi-size  gate_sensor.elf 
   text	   data	    bss	    dec	    hex	filename
  31956	     92	   2284	  34332	   861c	gate_sensor.elf
Finished building: default.size.stdout
 
15:57:04 **** Incremental Build of configuration Debug for project gate_sensor ****
make -j8 all 
arm-none-eabi-gcc "../Core/Src/main.c" -mcpu=cortex-m0plus -std=gnu11 -g3 -DDEBUG -DUSE_HAL_DRIVER -DSTM32C011xx -c -I../Core/Inc -I../Drivers/STM32C0xx_HAL_Driver/Inc -I../Drivers/STM32C0xx_HAL_Driver/Inc/Legacy -I../Drivers/CMSIS/Device/ST/STM32C0xx/Include -I../Drivers/CMSIS/Include -O0 -ffunction-sections -fdata-sections -Wall -fstack-usage -fcyclomatic-complexity -MMD -MP -MF"Core/Src/main.d" -MT"Core/Src/main.o" --specs=nano.specs -mfloat-abi=soft -mthumb -o "Core/Src/main.o"
arm-none-eabi-gcc -o "gate_sensor.elf" @"objects.list"   -mcpu=cortex-m0plus -T"C:\git\Gate-sensor\kody\gate_sensor\STM32C011F6UX_FLASH.ld" --specs=nosys.specs -Wl,-Map="gate_sensor.map" -Wl,--gc-sections -static --specs=nano.specs -mfloat-abi=soft -mthumb -Wl,--start-group -lc -lm -Wl,--end-group
Finished building target: gate_sensor.elf
 
arm-none-eabi-size  gate_sensor.elf 
arm-none-eabi-objdump -h -S gate_sensor.elf  > "gate_sensor.list"
   text	   data	    bss	    dec	    hex	filename
  31960	     92	   2284	  34336	   8620	gate_sensor.elf
Finished building: default.size.stdout
 
Finished building: gate_sensor.list
 
15:57:08 **** Incremental Build of configuration Debug for project gate_sensor ****
make -j8 all 
arm-none-eabi-size  gate_sensor.elf 
   text	   data	    bss	    dec	    hex	filename
  31960	     92	   2284	  34336	   8620	gate_sensor.elf
Finished building: default.size.stdout
 
15:57:41 **** Incremental Build of configuration Debug for project gate_sensor ****
make -j8 all 
arm-none-eabi-gcc "../Core/Src/main.c" -mcpu=cortex-m0plus -std=gnu11 -g3 -DDEBUG -DUSE_HAL_DRIVER -DSTM32C011xx -c -I../Core/Inc -I../Drivers/STM32C0xx_HAL_Driver/Inc -I../Drivers/STM32C0xx_HAL_Driver/Inc/Legacy -I../Drivers/CMSIS/Device/ST/STM32C0xx/Include -I../Drivers/CMSIS/Include -O0 -ffunction-sections -fdata-sections -Wall -fstack-usage -fcyclomatic-complexity -MMD -MP -MF"Core/Src/main.d" -MT"Core/Src/main.o" --specs=nano.specs -mfloat-abi=soft -mthumb -o "Core/Src/main.o"
arm-none-eabi-gcc -o "gate_sensor.elf" @"objects.list"   -mcpu=cortex-m0plus -T"C:\git\Gate-sensor\kody\gate_sensor\STM32C011F6UX_FLASH.ld" --specs=nosys.specs -Wl,-Map="gate_sensor.map" -Wl,--gc-sections -static --specs=nano.specs -mfloat-abi=soft -mthumb -Wl,--start-group -lc -lm -Wl,--end-group
Finished building target: gate_sensor.elf
 
arm-none-eabi-size  gate_sensor.elf 
arm-none-eabi-objdump -h -S gate_sensor.elf  > "gate_sensor.list"
   text	   data	    bss	    dec	    hex	filename
  31960	     92	   2284	  34336	   8620	gate_sensor.elf
Finished building: default.size.stdout
 
Finished building: gate_sensor.list
 
15:57:45 **** Incremental Build of configuration Debug for project gate_sensor ****
make -j8 all 
arm-none-eabi-size  gate_sensor.elf 
   text	   data	    bss	    dec	    hex	filename
  31960	     92	   2284	  34336	   8620	gate_sensor.elf
Finished building: default.size.stdout
 
15:59:06 **** Incremental Build of configuration Debug for project gate_sensor ****
make -j8 all 
arm-none-eabi-gcc "../Core/Src/main.c" -mcpu=cortex-m0plus -std=gnu11 -g3 -DDEBUG -DUSE_HAL_DRIVER -DSTM32C011xx -c -I../Core/Inc -I../Drivers/STM32C0xx_HAL_Driver/Inc -I../Drivers/STM32C0xx_HAL_Driver/Inc/Legacy -I../Drivers/CMSIS/Device/ST/STM32C0xx/Include -I../Drivers/CMSIS/Include -O0 -ffunction-sections -fdata-sections -Wall -fstack-usage -fcyclomatic-complexity -MMD -MP -MF"Core/Src/main.d" -MT"Core/Src/main.o" --specs=nano.specs -mfloat-abi=soft -mthumb -o "Core/Src/main.o"
arm-none-eabi-gcc -o "gate_sensor.elf" @"objects.list"   -mcpu=cortex-m0plus -T"C:\git\Gate-sensor\kody\gate_sensor\STM32C011F6UX_FLASH.ld" --specs=nosys.specs -Wl,-Map="gate_sensor.map" -Wl,--gc-sections -static --specs=nano.specs -mfloat-abi=soft -mthumb -Wl,--start-group -lc -lm -Wl,--end-group
Finished building target: gate_sensor.elf
 
arm-none-eabi-size  gate_sensor.elf 
arm-none-eabi-objdump -h -S gate_sensor.elf  > "gate_sensor.list"
   text	   data	    bss	    dec	    hex	filename
  32012	     92	   2284	  34388	   8654	gate_sensor.elf
Finished building: default.size.stdout
 
Finished building: gate_sensor.list
 
15:59:12 **** Incremental Build of configuration Debug for project gate_sensor ****
make -j8 all 
arm-none-eabi-size  gate_sensor.elf 
   text	   data	    bss	    dec	    hex	filename
  32012	     92	   2284	  34388	   8654	gate_sensor.elf
Finished building: default.size.stdout
 
16:02:41 **** Incremental Build of configuration Debug for project gate_sensor ****
make -j8 all 
arm-none-eabi-gcc "../Core/Src/main.c" -mcpu=cortex-m0plus -std=gnu11 -g3 -DDEBUG -DUSE_HAL_DRIVER -DSTM32C011xx -c -I../Core/Inc -I../Drivers/STM32C0xx_HAL_Driver/Inc -I../Drivers/STM32C0xx_HAL_Driver/Inc/Legacy -I../Drivers/CMSIS/Device/ST/STM32C0xx/Include -I../Drivers/CMSIS/Include -O0 -ffunction-sections -fdata-sections -Wall -fstack-usage -fcyclomatic-complexity -MMD -MP -MF"Core/Src/main.d" -MT"Core/Src/main.o" --specs=nano.specs -mfloat-abi=soft -mthumb -o "Core/Src/main.o"
arm-none-eabi-gcc -o "gate_sensor.elf" @"objects.list"   -mcpu=cortex-m0plus -T"C:\git\Gate-sensor\kody\gate_sensor\STM32C011F6UX_FLASH.ld" --specs=nosys.specs -Wl,-Map="gate_sensor.map" -Wl,--gc-sections -static --specs=nano.specs -mfloat-abi=soft -mthumb -Wl,--start-group -lc -lm -Wl,--end-group
Finished building target: gate_sensor.elf
 
arm-none-eabi-size  gate_sensor.elf 
arm-none-eabi-objdump -h -S gate_sensor.elf  > "gate_sensor.list"
   text	   data	    bss	    dec	    hex	filename
  31972	     92	   2284	  34348	   862c	gate_sensor.elf
Finished building: default.size.stdout
 
Finished building: gate_sensor.list
 
16:02:50 **** Incremental Build of configuration Debug for project gate_sensor ****
make -j8 all 
arm-none-eabi-size  gate_sensor.elf 
   text	   data	    bss	    dec	    hex	filename
  31972	     92	   2284	  34348	   862c	gate_sensor.elf
Finished building: default.size.stdout
 
16:03:32 **** Incremental Build of configuration Debug for project gate_sensor ****
make -j8 all 
arm-none-eabi-size  gate_sensor.elf 
   text	   data	    bss	    dec	    hex	filename
  31972	     92	   2284	  34348	   862c	gate_sensor.elf
Finished building: default.size.stdout
 
16:04:18 **** Incremental Build of configuration Debug for project gate_sensor ****
make -j8 all 
arm-none-eabi-gcc "../Core/Src/main.c" -mcpu=cortex-m0plus -std=gnu11 -g3 -DDEBUG -DUSE_HAL_DRIVER -DSTM32C011xx -c -I../Core/Inc -I../Drivers/STM32C0xx_HAL_Driver/Inc -I../Drivers/STM32C0xx_HAL_Driver/Inc/Legacy -I../Drivers/CMSIS/Device/ST/STM32C0xx/Include -I../Drivers/CMSIS/Include -O0 -ffunction-sections -fdata-sections -Wall -fstack-usage -fcyclomatic-complexity -MMD -MP -MF"Core/Src/main.d" -MT"Core/Src/main.o" --specs=nano.specs -mfloat-abi=soft -mthumb -o "Core/Src/main.o"
arm-none-eabi-gcc -o "gate_sensor.elf" @"objects.list"   -mcpu=cortex-m0plus -T"C:\git\Gate-sensor\kody\gate_sensor\STM32C011F6UX_FLASH.ld" --specs=nosys.specs -Wl,-Map="gate_sensor.map" -Wl,--gc-sections -static --specs=nano.specs -mfloat-abi=soft -mthumb -Wl,--start-group -lc -lm -Wl,--end-group
Finished building target: gate_sensor.elf
 
arm-none-eabi-size  gate_sensor.elf 
arm-none-eabi-objdump -h -S gate_sensor.elf  > "gate_sensor.list"
   text	   data	    bss	    dec	    hex	filename
  32012	     92	   2284	  34388	   8654	gate_sensor.elf
Finished building: default.size.stdout
 
Finished building: gate_sensor.list
 
16:04:23 **** Incremental Build of configuration Debug for project gate_sensor ****
make -j8 all 
arm-none-eabi-size  gate_sensor.elf 
   text	   data	    bss	    dec	    hex	filename
  32012	     92	   2284	  34388	   8654	gate_sensor.elf
Finished building: default.size.stdout
 
16:05:44 **** Incremental Build of configuration Debug for project gate_sensor ****
make -j8 all 
arm-none-eabi-size  gate_sensor.elf 
   text	   data	    bss	    dec	    hex	filename
  32012	     92	   2284	  34388	   8654	gate_sensor.elf
Finished building: default.size.stdout
 
