../Core/Src/main.c:65:6:enterStandby	8	static
../Core/Src/main.c:141:9:readFifoY	240	static
../Core/Src/main.c:168:6:detectGateMotion	48	static
../Core/Src/main.c:206:6:Send16BitESP	32	static
../Core/Src/main.c:354:6:HAL_TIM_PeriodElapsedCallback	0	static
../Core/Src/main.c:377:6:Error_Handler	8	static
../Core/Src/main.c:73:6:configureBMA400	80	static,ignoring_inline_asm
../Core/Src/main.c:124:6:configureFifo	32	static
../Core/Src/main.c:319:6:SystemClock_Config	56	static
../Core/Src/main.c:222:5:main	112	static
