../Drivers/STM32C0xx_HAL_Driver/Src/stm32c0xx_hal_dma.c:984:13:DMA_SetConfig	20	static
../Drivers/STM32C0xx_HAL_Driver/Src/stm32c0xx_hal_dma.c:1027:13:DMA_CalcDMAMUXChannelBaseAndMask	8	static
../Drivers/STM32C0xx_HAL_Driver/Src/stm32c0xx_hal_dma.c:1047:13:DMA_CalcDMAMUXRequestGenBaseAndMask	0	static
../Drivers/STM32C0xx_HAL_Driver/Src/stm32c0xx_hal_dma.c:151:19:HAL_DMA_Init	16	static
../Drivers/STM32C0xx_HAL_Driver/Src/stm32c0xx_hal_dma.c:241:19:HAL_DMA_DeInit	24	static
../Drivers/STM32C0xx_HAL_Driver/Src/stm32c0xx_hal_dma.c:345:19:HAL_DMA_Start	16	static
../Drivers/STM32C0xx_HAL_Driver/Src/stm32c0xx_hal_dma.c:392:19:HAL_DMA_Start_IT	16	static
../Drivers/STM32C0xx_HAL_Driver/Src/stm32c0xx_hal_dma.c:466:19:HAL_DMA_Abort	12	static
../Drivers/STM32C0xx_HAL_Driver/Src/stm32c0xx_hal_dma.c:527:19:HAL_DMA_Abort_IT	16	static
../Drivers/STM32C0xx_HAL_Driver/Src/stm32c0xx_hal_dma.c:592:19:HAL_DMA_PollForTransfer	32	static
../Drivers/STM32C0xx_HAL_Driver/Src/stm32c0xx_hal_dma.c:724:6:HAL_DMA_IRQHandler	16	static
../Drivers/STM32C0xx_HAL_Driver/Src/stm32c0xx_hal_dma.c:818:19:HAL_DMA_RegisterCallback	8	static
../Drivers/STM32C0xx_HAL_Driver/Src/stm32c0xx_hal_dma.c:870:19:HAL_DMA_UnRegisterCallback	0	static
../Drivers/STM32C0xx_HAL_Driver/Src/stm32c0xx_hal_dma.c:946:22:HAL_DMA_GetState	0	static
../Drivers/STM32C0xx_HAL_Driver/Src/stm32c0xx_hal_dma.c:958:10:HAL_DMA_GetError	0	static
