../Drivers/STM32C0xx_HAL_Driver/Src/stm32c0xx_hal_flash_ex.c:479:13:FLASH_MassErase	0	static
../Drivers/STM32C0xx_HAL_Driver/Src/stm32c0xx_hal_flash_ex.c:543:13:FLASH_OB_WRPConfig	0	static
../Drivers/STM32C0xx_HAL_Driver/Src/stm32c0xx_hal_flash_ex.c:594:13:FLASH_OB_OptrConfig	12	static
../Drivers/STM32C0xx_HAL_Driver/Src/stm32c0xx_hal_flash_ex.c:624:13:FLASH_OB_PCROP1AConfig	8	static
../Drivers/STM32C0xx_HAL_Driver/Src/stm32c0xx_hal_flash_ex.c:676:13:FLASH_OB_PCROP1BConfig	0	static
../Drivers/STM32C0xx_HAL_Driver/Src/stm32c0xx_hal_flash_ex.c:705:13:FLASH_OB_SecMemConfig	12	static
../Drivers/STM32C0xx_HAL_Driver/Src/stm32c0xx_hal_flash_ex.c:730:13:FLASH_OB_GetWRP	8	static
../Drivers/STM32C0xx_HAL_Driver/Src/stm32c0xx_hal_flash_ex.c:756:17:FLASH_OB_GetRDP	0	static
../Drivers/STM32C0xx_HAL_Driver/Src/stm32c0xx_hal_flash_ex.c:792:17:FLASH_OB_GetUser	0	static
../Drivers/STM32C0xx_HAL_Driver/Src/stm32c0xx_hal_flash_ex.c:807:13:FLASH_OB_GetPCROP1A	16	static
../Drivers/STM32C0xx_HAL_Driver/Src/stm32c0xx_hal_flash_ex.c:832:13:FLASH_OB_GetPCROP1B	12	static
../Drivers/STM32C0xx_HAL_Driver/Src/stm32c0xx_hal_flash_ex.c:852:13:FLASH_OB_GetSecMem	0	static
../Drivers/STM32C0xx_HAL_Driver/Src/stm32c0xx_hal_flash_ex.c:270:19:HAL_FLASHEx_OBProgram	8	static
../Drivers/STM32C0xx_HAL_Driver/Src/stm32c0xx_hal_flash_ex.c:373:6:HAL_FLASHEx_OBGetConfig	8	static
../Drivers/STM32C0xx_HAL_Driver/Src/stm32c0xx_hal_flash_ex.c:401:6:HAL_FLASHEx_EnableDebugger	0	static
../Drivers/STM32C0xx_HAL_Driver/Src/stm32c0xx_hal_flash_ex.c:412:6:HAL_FLASHEx_DisableDebugger	0	static
../Drivers/STM32C0xx_HAL_Driver/Src/stm32c0xx_hal_flash_ex.c:423:10:HAL_FLASHEx_FlashEmptyCheck	0	static
../Drivers/STM32C0xx_HAL_Driver/Src/stm32c0xx_hal_flash_ex.c:437:6:HAL_FLASHEx_ForceFlashEmpty	0	static
../Drivers/STM32C0xx_HAL_Driver/Src/stm32c0xx_hal_flash_ex.c:456:6:HAL_FLASHEx_EnableSecMemProtection	0	static
../Drivers/STM32C0xx_HAL_Driver/Src/stm32c0xx_hal_flash_ex.c:491:6:FLASH_PageErase	0	static
../Drivers/STM32C0xx_HAL_Driver/Src/stm32c0xx_hal_flash_ex.c:139:19:HAL_FLASHEx_Erase	16	static
../Drivers/STM32C0xx_HAL_Driver/Src/stm32c0xx_hal_flash_ex.c:206:19:HAL_FLASHEx_Erase_IT	16	static
../Drivers/STM32C0xx_HAL_Driver/Src/stm32c0xx_hal_flash_ex.c:509:6:FLASH_FlushCaches	0	static
